Version 1.1
Timestamp 1757985787
RoomID 7979
TableNO 1
ChairNO 0 1023160 2048 -1
ChairNO 1 1119333 1073741824 -1
ChairNO 2 1120233 1073741824 -1
ChairNO 3 1119374 1073741824 -1
ChairNO 4 1123549 1073741824 -1
Flags 15
Name 0 zsc1
Sex 0 1
Win_Loss_StandOff 0 180 255 2
Name 1 »ÆÉ«°ÍÈûÂÞÄÇP
Sex 1 0
Win_Loss_StandOff 1 23 28 0
Name 2 ÆäÄ©ÊÀ´ó°ÍÔú
Sex 2 0
Win_Loss_StandOff 2 23 20 0
Name 3 ½ôÕÅe°µÒ¹
Sex 3 1
Win_Loss_StandOff 3 26 14 0
Name 4 Íæ¼Ò1123549
Sex 4 1
Win_Loss_StandOff 4 20 24 1
0006 00:00:01 Deal 0 D3S2S4C2DXDKD7C7SA
0006 00:00:01 RawDeal 0 1,39,41,13,8,11,5,18,51
0006 00:00:01 Deal 1 S3D9H8H7HAS5HXS8HJ
0006 00:00:01 RawDeal 1 40,7,32,31,38,42,34,45,35
0006 00:00:01 Deal 2 CQCJS7H9CKSXC8D2C4
0006 00:00:01 RawDeal 2 23,22,44,33,24,47,19,0,15
0006 00:00:01 Deal 3 H5C3DJDASJC5S6DQCX
0006 00:00:01 RawDeal 3 29,14,9,12,48,16,43,10,21
0006 00:00:01 Deal 4 C6H4HKC9D6D8H2D4S9
0006 00:00:01 RawDeal 4 17,28,37,20,4,6,26,2,46
0007 00:00:06 Divide 3 SJS6H5CXC5C3DADQDJ 1,4,4
0007 00:00:06 RawDivide 3 48,43,29,21,16,14,12,10,9 1,4,4
0008 00:00:06 Divide 1 HJHXD9S8S5S3HAH8H7 3,4,4
0008 00:00:06 RawDivide 1 35,34,7,45,42,40,38,32,31 3,4,4
0009 00:00:07 Divide 2 SXC4D2H9C8S7CKCQCJ 1,3,5
0009 00:00:07 RawDivide 2 47,15,0,33,19,44,24,23,22 1,3,5
0010 00:00:08 Divide 4 S9C9C6D8D6D4HKH4H2 2,4,4
0010 00:00:08 RawDivide 4 46,20,17,6,4,2,37,28,26 2,4,4
0011 00:01:12 Divide 0 C7D7C2DKDXD3SAS4S2 2,4,4
0011 00:01:12 RawDivide 0 18,5,13,11,8,1,51,41,39 2,4,4
0011 00:01:12 ScoreDiff 0 7 1
0011 00:01:12 RawScoreDiff 0 7 1
0011 00:01:12 DepositDiff 0 220 60
0011 00:01:12 RawDepositDiff 0 220 60
0011 00:01:12 ScoreDiff 1 7 1
0011 00:01:12 RawScoreDiff 1 7 1
0011 00:01:12 DepositDiff 1 220 60
0011 00:01:12 RawDepositDiff 1 220 60
0011 00:01:12 ScoreDiff 2 16 1
0011 00:01:12 RawScoreDiff 2 16 1
0011 00:01:12 DepositDiff 2 760 60
0011 00:01:12 RawDepositDiff 2 760 60
0011 00:01:12 ScoreDiff 3 -13 1
0011 00:01:12 RawScoreDiff 3 -13 1
0011 00:01:12 DepositDiff 3 -980 60
0011 00:01:12 RawDepositDiff 3 -980 60
0011 00:01:12 ScoreDiff 4 -17 1
0011 00:01:12 RawScoreDiff 4 -17 1
0011 00:01:12 DepositDiff 4 -1220 60
0011 00:01:12 RawDepositDiff 4 -1220 60
Version 1.1
Timestamp 1757988315
RoomID 7979
TableNO 1
ChairNO 0 1070274 2048 -1
ChairNO 1 1077423 2048 -1
ChairNO 2 1077422 2048 -1
ChairNO 3 1077421 2048 -1
ChairNO 4 1077420 2048 -1
Flags 15
Name 0 longhua1
Sex 0 0
Win_Loss_StandOff 0 249 260 16
Name 1 lh4
Sex 1 1
Win_Loss_StandOff 1 8 9 0
Name 2 lh3
Sex 2 0
Win_Loss_StandOff 2 8 13 0
Name 3 lh2
Sex 3 1
Win_Loss_StandOff 3 62 72 5
Name 4 lh1
Sex 4 0
Win_Loss_StandOff 4 338 304 15
0006 00:00:00 Deal 0 H2S9D5DQSQHJC2S3CK
0006 00:00:00 RawDeal 0 26,46,3,10,49,35,13,40,24
0006 00:00:00 Deal 1 C6SAS2H8C3S6D7H9S8
0006 00:00:00 RawDeal 1 17,51,39,32,14,43,5,33,45
0006 00:00:00 Deal 2 CJD3C9H6C5DKC8HXD2
0006 00:00:00 RawDeal 2 22,1,20,30,16,11,19,34,0
0006 00:00:00 Deal 3 HKDAH5H7D8D4S4HQSX
0006 00:00:00 RawDeal 3 37,12,29,31,6,2,41,36,47
0006 00:00:00 Deal 4 D6H3D9C4DXHACACXC7
0006 00:00:00 RawDeal 4 4,27,7,15,8,38,25,21,18
0007 00:00:03 Divide 4 HACAH3CXC7C4DXD9D6 2,4,4
0007 00:00:03 RawDivide 4 38,25,27,21,18,15,8,7,4 2,4,4
0008 00:00:04 Divide 3 HQSXS4HKH7H5DAD8D4 1,4,4
0008 00:00:04 RawDivide 3 36,47,41,37,31,29,12,6,2 1,4,4
0009 00:00:05 Divide 2 HXC9H6CJC8C5DKD3D2 1,4,4
0009 00:00:05 RawDivide 2 34,20,30,22,19,16,11,1,0 1,4,4
0010 00:00:07 Divide 1 S6C6C3H9H8D7SAS8S2 2,3,4
0010 00:00:07 RawDivide 1 43,17,14,33,32,5,51,45,39 2,3,4
0011 00:00:08 Divide 0 D5H2C2CKDQHJSQS9S3 2,3,4
0011 00:00:08 RawDivide 0 3,26,13,24,10,35,49,46,40 2,3,4
0011 00:00:08 ScoreDiff 0 -16 1
0011 00:00:08 RawScoreDiff 0 -16 1
0011 00:00:08 DepositDiff 0 -1160 60
0011 00:00:08 RawDepositDiff 0 -1160 60
0011 00:00:08 ScoreDiff 1 -12 1
0011 00:00:08 RawScoreDiff 1 -12 1
0011 00:00:08 DepositDiff 1 -920 60
0011 00:00:08 RawDepositDiff 1 -920 60
0011 00:00:08 ScoreDiff 2 -14 1
0011 00:00:08 RawScoreDiff 2 -14 1
0011 00:00:08 DepositDiff 2 -1040 60
0011 00:00:08 RawDepositDiff 2 -1040 60
0011 00:00:08 ScoreDiff 3 34 1
0011 00:00:08 RawScoreDiff 3 34 1
0011 00:00:08 DepositDiff 3 1840 60
0011 00:00:08 RawDepositDiff 3 1840 60
0011 00:00:08 ScoreDiff 4 8 1
0011 00:00:08 RawScoreDiff 4 8 1
0011 00:00:08 DepositDiff 4 280 60
0011 00:00:08 RawDepositDiff 4 280 60
Version 1.1
Timestamp 1757988681
RoomID 7979
TableNO 1
ChairNO 0 1070274 2048 -1
ChairNO 1 1077423 2048 -1
ChairNO 2 1077421 2048 -1
ChairNO 3 1077422 2048 -1
ChairNO 4 1077420 2048 -1
Flags 15
Name 0 longhua1
Sex 0 0
Win_Loss_StandOff 0 249 261 16
Name 1 lh4
Sex 1 1
Win_Loss_StandOff 1 8 10 0
Name 2 lh2
Sex 2 1
Win_Loss_StandOff 2 64 72 5
Name 3 lh3
Sex 3 0
Win_Loss_StandOff 3 8 14 0
Name 4 lh1
Sex 4 0
Win_Loss_StandOff 4 339 305 15
0006 00:00:00 Deal 0 HQSJD8S8H6SAC3S2SX
0006 00:00:00 RawDeal 0 36,48,6,45,30,51,14,39,47
0006 00:00:00 Deal 1 S4CXC9DKH4C5HKHAS5
0006 00:00:00 RawDeal 1 41,21,20,11,28,16,37,38,42
0006 00:00:00 Deal 2 CQSQH2C7H3C8H8HXD5
0006 00:00:00 RawDeal 2 23,49,26,18,27,19,32,34,3
0006 00:00:00 Deal 3 CJD3D7C2DQC6C4SKH9
0006 00:00:00 RawDeal 3 22,1,5,13,10,17,15,50,33
0006 00:00:00 Deal 4 H5S9HJD2DXCADJH7D9
0006 00:00:00 RawDeal 4 29,46,35,0,8,25,9,31,7
0007 00:00:04 Divide 4 CAS9D2HJH7H5DJDXD9 1,4,5
0007 00:00:04 RawDivide 4 25,46,0,35,31,29,9,8,7 1,4,5
0008 00:00:05 Divide 2 SQH8D5HXH3H2CQC8C7 1,4,4
0008 00:00:05 RawDivide 2 49,32,3,34,27,26,23,19,18 1,4,4
0009 00:00:06 Divide 3 SKH9C4CJC6C2DQD7D3 1,4,4
0009 00:00:06 RawDivide 3 50,33,15,22,17,13,10,5,1 1,4,4
0010 00:00:08 Divide 1 DKS5S4CXC9C5HAHKH4 1,4,4
0010 00:00:08 RawDivide 1 11,42,41,21,20,16,38,37,28 1,4,4
0011 00:00:09 Divide 0 D8H6C3HQSJSXSAS8S2 1,3,4
0011 00:00:09 RawDivide 0 6,30,14,36,48,47,51,45,39 1,3,4
0011 00:00:09 ScoreDiff 0 -29 1
0011 00:00:09 RawScoreDiff 0 -29 1
0011 00:00:09 DepositDiff 0 -1500 60
0011 00:00:09 RawDepositDiff 0 -1500 60
0011 00:00:09 ScoreDiff 1 -19 1
0011 00:00:09 RawScoreDiff 1 -19 1
0011 00:00:09 DepositDiff 1 -1340 60
0011 00:00:09 RawDepositDiff 1 -1340 60
0011 00:00:09 ScoreDiff 2 -27 1
0011 00:00:09 RawScoreDiff 2 -27 1
0011 00:00:09 DepositDiff 2 -1500 60
0011 00:00:09 RawDepositDiff 2 -1500 60
0011 00:00:09 ScoreDiff 3 -21 1
0011 00:00:09 RawScoreDiff 3 -21 1
0011 00:00:09 DepositDiff 3 -1460 60
0011 00:00:09 RawDepositDiff 3 -1460 60
0011 00:00:09 ScoreDiff 4 96 1
0011 00:00:09 RawScoreDiff 4 96 1
0011 00:00:09 DepositDiff 4 4799 60
0011 00:00:09 RawDepositDiff 4 4799 60
Version 1.1
Timestamp 1757988765
RoomID 7979
TableNO 1
ChairNO 0 1070274 2048 -1
ChairNO 1 1077423 2048 -1
ChairNO 2 1077420 2048 -1
ChairNO 3 1077421 2048 -1
ChairNO 4 1077422 2048 -1
Flags 15
Name 0 longhua1
Sex 0 0
Win_Loss_StandOff 0 249 262 16
Name 1 lh4
Sex 1 1
Win_Loss_StandOff 1 8 11 0
Name 2 lh1
Sex 2 0
Win_Loss_StandOff 2 340 305 15
Name 3 lh2
Sex 3 1
Win_Loss_StandOff 3 64 73 5
Name 4 lh3
Sex 4 0
Win_Loss_StandOff 4 8 15 0
0006 00:00:00 Deal 0 D7C4S5HQD5D6CXSXD9
0006 00:00:00 RawDeal 0 5,15,42,36,3,4,21,47,7
0006 00:00:00 Deal 1 D8HXSKS2DXDJH3SJS6
0006 00:00:00 RawDeal 1 6,34,50,39,8,9,27,48,43
0006 00:00:00 Deal 2 C3CKC7HKDASAS3SQH8
0006 00:00:00 RawDeal 2 14,24,18,37,12,51,40,49,32
0006 00:00:00 Deal 3 CJHJCAC6S9D4H5DQCQ
0006 00:00:00 RawDeal 3 22,35,25,17,46,2,29,10,23
0006 00:00:00 Deal 4 HAH9C8S8H7C9S7C2H4
0006 00:00:00 RawDeal 4 38,33,19,45,31,20,44,13,28
0007 00:00:03 Divide 2 DAHKH8CKC7C3SASQS3 1,4,4
0007 00:00:03 RawDivide 2 12,37,32,24,18,14,51,49,40 1,4,4
0008 00:00:04 Divide 3 DQHJS9C6H5D4CACQCJ 1,3,4
0008 00:00:04 RawDivide 3 10,35,46,17,29,2,25,23,22 1,3,4
0009 00:00:05 Divide 4 H9S8S7C9C8C2HAH7H4 3,4,4
0009 00:00:05 RawDivide 4 33,45,44,20,19,13,38,31,28 3,4,4
0010 00:00:06 Divide 1 SJHXH3DJDXD8SKS6S2 1,4,4
0010 00:00:06 RawDivide 1 48,34,27,9,8,6,50,43,39 1,4,4
0011 00:00:08 Divide 0 HQCXSXD6S5C4D9D7D5 2,3,4
0011 00:00:08 RawDivide 0 36,21,47,4,42,15,7,5,3 2,3,4
0011 00:00:08 ScoreDiff 0 -18 1
0011 00:00:08 RawScoreDiff 0 -18 1
0011 00:00:08 DepositDiff 0 -1280 60
0011 00:00:08 RawDepositDiff 0 -1280 60
0011 00:00:08 ScoreDiff 1 -16 1
0011 00:00:08 RawScoreDiff 1 -16 1
0011 00:00:08 DepositDiff 1 -1160 60
0011 00:00:08 RawDepositDiff 1 -1160 60
0011 00:00:08 ScoreDiff 2 14 1
0011 00:00:08 RawScoreDiff 2 14 1
0011 00:00:08 DepositDiff 2 640 60
0011 00:00:08 RawDepositDiff 2 640 60
0011 00:00:08 ScoreDiff 3 8 1
0011 00:00:08 RawScoreDiff 3 8 1
0011 00:00:08 DepositDiff 3 280 60
0011 00:00:08 RawDepositDiff 3 280 60
0011 00:00:08 ScoreDiff 4 12 1
0011 00:00:08 RawScoreDiff 4 12 1
0011 00:00:08 DepositDiff 4 520 60
0011 00:00:08 RawDepositDiff 4 520 60
Version 1.1
Timestamp 1757989055
RoomID 7979
TableNO 1
ChairNO 0 1070274 2048 -1
ChairNO 1 1077423 2048 -1
ChairNO 2 1077422 2048 -1
ChairNO 3 1077421 2048 -1
ChairNO 4 1077420 2048 -1
Flags 15
Name 0 longhua1
Sex 0 0
Win_Loss_StandOff 0 249 263 16
Name 1 lh4
Sex 1 1
Win_Loss_StandOff 1 8 12 0
Name 2 lh3
Sex 2 0
Win_Loss_StandOff 2 9 15 0
Name 3 lh2
Sex 3 1
Win_Loss_StandOff 3 65 73 5
Name 4 lh1
Sex 4 0
Win_Loss_StandOff 4 341 305 15
0006 00:00:00 Deal 0 SXHKDQH3D4DACACXC7
0006 00:00:00 RawDeal 0 47,37,10,27,2,12,25,21,18
0006 00:00:00 Deal 1 S2C6C3S8SAD5HJC9HQ
0006 00:00:00 RawDeal 1 39,17,14,45,51,3,35,20,36
0006 00:00:00 Deal 2 C2SKS5H2CQH8D3D6SQ
0006 00:00:00 RawDeal 2 13,50,42,26,23,32,1,4,49
0006 00:00:00 Deal 3 D2CJHXD8S9HAH5DKS7
0006 00:00:00 RawDeal 3 0,22,34,6,46,38,29,11,44
0006 00:00:00 Deal 4 S3S4H7SJC8CKDXC5S6
0006 00:00:00 RawDeal 4 40,41,31,48,19,24,8,16,43
0007 00:00:04 Divide 4 DXH7S4SJS6S3CKC8C5 1,4,4
0007 00:00:04 RawDivide 4 8,31,41,48,43,40,24,19,16 1,4,4
0008 00:00:04 Divide 3 CJS9S7DKD8D2HAHXH5 1,4,4
0008 00:00:04 RawDivide 3 22,46,44,11,6,0,38,34,29 1,4,4
0009 00:00:06 Divide 2 CQH8D3D6H2C2SKSQS5 1,2,4
0009 00:00:06 RawDivide 2 23,32,1,4,26,13,50,49,42 1,2,4
0010 00:00:07 Divide 0 HKSXH3CACXC7DADQD4 1,4,4
0010 00:00:07 RawDivide 0 37,47,27,25,21,18,12,10,2 1,4,4
0011 00:00:08 Divide 1 HQHJD5C9C6C3SAS8S2 1,4,4
0011 00:00:08 RawDivide 1 36,35,3,20,17,14,51,45,39 1,4,4
0011 00:00:08 ScoreDiff 0 84 1
0011 00:00:08 RawScoreDiff 0 84 1
0011 00:00:08 DepositDiff 0 4440 60
0011 00:00:08 RawDepositDiff 0 4440 60
0011 00:00:08 ScoreDiff 1 -18 1
0011 00:00:08 RawScoreDiff 1 -18 1
0011 00:00:08 DepositDiff 1 -1280 60
0011 00:00:08 RawDepositDiff 1 -1280 60
0011 00:00:08 ScoreDiff 2 -24 1
0011 00:00:08 RawScoreDiff 2 -24 1
0011 00:00:08 DepositDiff 2 -1500 60
0011 00:00:08 RawDepositDiff 2 -1500 60
0011 00:00:08 ScoreDiff 3 -16 1
0011 00:00:08 RawScoreDiff 3 -16 1
0011 00:00:08 DepositDiff 3 -1160 60
0011 00:00:08 RawDepositDiff 3 -1160 60
0011 00:00:08 ScoreDiff 4 -26 1
0011 00:00:08 RawScoreDiff 4 -26 1
0011 00:00:08 DepositDiff 4 -1500 60
0011 00:00:08 RawDepositDiff 4 -1500 60
Version 1.1
Timestamp 1757989127
RoomID 7979
TableNO 1
ChairNO 0 1077422 2048 -1
ChairNO 1 1070274 2048 -1
ChairNO 2 1077423 2048 -1
ChairNO 3 1077421 2048 -1
ChairNO 4 1077420 2048 -1
Flags 15
Name 0 lh3
Sex 0 0
Win_Loss_StandOff 0 9 16 0
Name 1 longhua1
Sex 1 0
Win_Loss_StandOff 1 250 263 16
Name 2 lh4
Sex 2 1
Win_Loss_StandOff 2 8 13 0
Name 3 lh2
Sex 3 1
Win_Loss_StandOff 3 65 74 5
Name 4 lh1
Sex 4 0
Win_Loss_StandOff 4 341 306 15
0006 00:00:00 Deal 0 DQHXC3C9CASKH9HAS8
0006 00:00:00 RawDeal 0 10,34,14,20,25,50,33,38,45
0006 00:00:00 Deal 1 DAS3C6D6S5HQSXCKH8
0006 00:00:00 RawDeal 1 12,40,17,4,42,36,47,24,32
0006 00:00:00 Deal 2 D4H2SJDJD8SQSAH4D9
0006 00:00:00 RawDeal 2 2,26,48,9,6,49,51,28,7
0006 00:00:00 Deal 3 S4H7S9HJCJCXD3S2DX
0006 00:00:00 RawDeal 3 41,31,46,35,22,21,1,39,8
0006 00:00:00 Deal 4 C2S6H3C4D7C8DKD2CQ
0006 00:00:00 RawDeal 4 13,43,27,15,5,19,11,0,23
0007 00:00:04 Divide 4 C8S6H3CQC4C2DKD7D2 1,4,4
0007 00:00:04 RawDivide 4 19,43,27,23,15,13,11,5,0 1,4,4
0008 00:00:05 Divide 3 CXDXD3HJCJH7S9S4S2 2,2,4
0008 00:00:05 RawDivide 3 21,8,1,35,22,31,46,41,39 2,2,4
0009 00:00:06 Divide 0 HXH9S8HASKDQCAC9C3 3,3,4
0009 00:00:06 RawDivide 0 34,33,45,38,50,10,25,20,14 3,3,4
0010 00:00:08 Divide 2 H4D4H2DJD9D8SASQSJ 2,4,4
0010 00:00:08 RawDivide 2 28,2,26,9,7,6,51,49,48 2,4,4
0011 00:00:09 Divide 1 H8C6D6DACKHQSXS5S3 2,3,4
0011 00:00:09 RawDivide 1 32,17,4,12,24,36,47,42,40 2,3,4
0011 00:00:09 ScoreDiff 0 14 1
0011 00:00:09 RawScoreDiff 0 14 1
0011 00:00:09 DepositDiff 0 640 60
0011 00:00:09 RawDepositDiff 0 640 60
0011 00:00:09 ScoreDiff 1 -16 1
0011 00:00:09 RawScoreDiff 1 -16 1
0011 00:00:09 DepositDiff 1 -1160 60
0011 00:00:09 RawDepositDiff 1 -1160 60
0011 00:00:09 ScoreDiff 2 12 1
0011 00:00:09 RawScoreDiff 2 12 1
0011 00:00:09 DepositDiff 2 520 60
0011 00:00:09 RawDepositDiff 2 520 60
0011 00:00:09 ScoreDiff 3 -18 1
0011 00:00:09 RawScoreDiff 3 -18 1
0011 00:00:09 DepositDiff 3 -1280 60
0011 00:00:09 RawDepositDiff 3 -1280 60
0011 00:00:09 ScoreDiff 4 8 1
0011 00:00:09 RawScoreDiff 4 8 1
0011 00:00:09 DepositDiff 4 280 60
0011 00:00:09 RawDepositDiff 4 280 60
Version 1.1
Timestamp 1757989594
RoomID 7979
TableNO 1
ChairNO 0 1077422 2048 -1
ChairNO 1 1077421 2048 -1
ChairNO 2 1077423 2048 -1
ChairNO 3 1077420 2048 -1
ChairNO 4 1070274 2048 -1
Flags 15
Name 0 lh3
Sex 0 0
Win_Loss_StandOff 0 10 16 0
Name 1 lh2
Sex 1 1
Win_Loss_StandOff 1 65 75 5
Name 2 lh4
Sex 2 1
Win_Loss_StandOff 2 9 13 0
Name 3 lh1
Sex 3 0
Win_Loss_StandOff 3 343 306 15
Name 4 longhua1
Sex 4 0
Win_Loss_StandOff 4 250 264 16
0006 00:00:00 Deal 0 H3H6HXHQCJS4SXC2DQ
0006 00:00:00 RawDeal 0 27,30,34,36,22,41,47,13,10
0006 00:00:00 Deal 1 H9DJH8C3S3D8S2C8H2
0006 00:00:00 RawDeal 1 33,9,32,14,40,6,39,19,26
0006 00:00:00 Deal 2 CQS7D4DKD9SKS6CKHK
0006 00:00:00 RawDeal 2 23,44,2,11,7,50,43,24,37
0006 00:00:00 Deal 3 DAHAD2C6SQCXSAD7C5
0006 00:00:00 RawDeal 3 12,38,0,17,49,21,51,5,16
0006 00:00:00 Deal 4 DXHJSJS8S5S9D6H4D3
0006 00:00:00 RawDeal 4 8,35,48,45,42,46,4,28,1
0007 00:00:03 Divide 3 SQD7D2CXC6C5SAHADA 1,4,6
0007 00:00:03 RawDivide 3 49,5,0,21,17,16,51,38,12 1,4,6
0008 00:00:04 Divide 1 H9H2S2DJC3S3H8C8D8 2,2,6
0008 00:00:04 RawDivide 1 33,26,39,9,14,40,32,19,6 2,2,6
0009 00:00:05 Divide 0 S4H3C2DQCJSXHQHXH6 3,3,4
0009 00:00:05 RawDivide 0 41,27,13,10,22,47,36,34,30 3,3,4
0010 00:00:06 Divide 4 SJHJH4S9S8S5DXD6D3 2,4,4
0010 00:00:06 RawDivide 4 48,35,28,46,45,42,8,4,1 2,4,4
0011 00:00:07 Divide 2 CQD9D4SKS7S6HKCKDK 1,4,6
0011 00:00:07 RawDivide 2 23,7,2,50,44,43,37,24,11 1,4,6
0011 00:00:07 ScoreDiff 0 -12 1
0011 00:00:07 RawScoreDiff 0 -12 1
0011 00:00:07 DepositDiff 0 -920 60
0011 00:00:07 RawDepositDiff 0 -920 60
0011 00:00:07 ScoreDiff 1 -36 1
0011 00:00:07 RawScoreDiff 1 -36 1
0011 00:00:07 DepositDiff 1 -2360 60
0011 00:00:07 RawDepositDiff 1 -2360 60
0011 00:00:07 ScoreDiff 2 52 1
0011 00:00:07 RawScoreDiff 2 52 1
0011 00:00:07 DepositDiff 2 2920 60
0011 00:00:07 RawDepositDiff 2 2920 60
0011 00:00:07 ScoreDiff 3 30 1
0011 00:00:07 RawScoreDiff 3 30 1
0011 00:00:07 DepositDiff 3 1600 60
0011 00:00:07 RawDepositDiff 3 1600 60
0011 00:00:07 ScoreDiff 4 -34 1
0011 00:00:07 RawScoreDiff 4 -34 1
0011 00:00:07 DepositDiff 4 -2240 60
0011 00:00:07 RawDepositDiff 4 -2240 60
Version 1.1
Timestamp 1757990237
RoomID 7979
TableNO 1
ChairNO 0 1077422 2048 -1
ChairNO 1 1077421 2048 -1
ChairNO 2 1120233 1073741824 -1
ChairNO 3 1120188 1073741824 -1
ChairNO 4 1119842 1073741824 -1
Flags 15
Name 0 lh3
Sex 0 0
Win_Loss_StandOff 0 10 17 0
Name 1 lh2
Sex 1 1
Win_Loss_StandOff 1 65 76 5
Name 2 ÆäÄ©ÊÀ´ó°ÍÔú
Sex 2 0
Win_Loss_StandOff 2 24 20 0
Name 3 ÎÂºÍ°×¾ÆP
Sex 3 1
Win_Loss_StandOff 3 26 25 0
Name 4 Æä¶ÀÇã
Sex 4 1
Win_Loss_StandOff 4 10 21 0
0006 00:00:01 Deal 0 D4HQCJDAD9C6CQH8C3
0006 00:00:01 RawDeal 0 2,36,22,12,7,17,23,32,14
0006 00:00:01 Deal 1 S5DJC7CAS6C8D6HJHK
0006 00:00:01 RawDeal 1 42,9,18,25,43,19,4,35,37
0006 00:00:01 Deal 2 CKS9S3H7SXS7HAH5S2
0006 00:00:01 RawDeal 2 24,46,40,31,47,44,38,29,39
0006 00:00:01 Deal 3 C4D2DQH9D5SAC9S4C2
0006 00:00:01 RawDeal 3 15,0,10,33,3,51,20,41,13
0006 00:00:01 Deal 4 DKHXH2D3SQH4DXSJC5
0006 00:00:01 RawDeal 4 11,34,26,1,49,28,8,48,16
0007 00:00:06 Divide 4 SQSJC5HXH4H2DKDXD3 1,4,4
0007 00:00:06 RawDivide 4 49,48,16,34,28,26,11,8,1 1,4,4
0008 00:00:08 Divide 1 S6D6S5HKHJDJCAC8C7 2,2,4
0008 00:00:08 RawDivide 1 43,4,42,37,35,9,25,19,18 2,2,4
0009 00:00:08 Divide 2 CKS9S3SXS7S2HAH7H5 1,4,4
0009 00:00:08 RawDivide 2 24,46,40,47,44,39,38,31,29 1,4,4
0010 00:00:08 Divide 3 SAH9S4C9C4C2DQD5D2 1,4,4
0010 00:00:08 RawDivide 3 51,33,41,20,15,13,10,3,0 1,4,4
0011 00:00:10 Divide 0 HQCQH8CJC6C3DAD9D4 2,4,4
0011 00:00:10 RawDivide 0 36,23,32,22,17,14,12,7,2 2,4,4
0011 00:00:10 ScoreDiff 0 84 1
0011 00:00:10 RawScoreDiff 0 84 1
0011 00:00:10 DepositDiff 0 4840 60
0011 00:00:10 RawDepositDiff 0 4840 60
0011 00:00:10 ScoreDiff 1 -18 1
0011 00:00:10 RawScoreDiff 1 -18 1
0011 00:00:10 DepositDiff 1 -1280 60
0011 00:00:10 RawDepositDiff 1 -1280 60
0011 00:00:10 ScoreDiff 2 -18 1
0011 00:00:10 RawScoreDiff 2 -18 1
0011 00:00:10 DepositDiff 2 -1280 60
0011 00:00:10 RawDepositDiff 2 -1280 60
0011 00:00:10 ScoreDiff 3 -24 1
0011 00:00:10 RawScoreDiff 3 -24 1
0011 00:00:10 DepositDiff 3 -1640 60
0011 00:00:10 RawDepositDiff 3 -1640 60
0011 00:00:10 ScoreDiff 4 -24 1
0011 00:00:10 RawScoreDiff 4 -24 1
0011 00:00:10 DepositDiff 4 -1640 60
0011 00:00:10 RawDepositDiff 4 -1640 60
Version 1.1
Timestamp 1757990263
RoomID 7979
TableNO 2
ChairNO 0 1070274 2048 -1
ChairNO 1 1077423 2048 -1
ChairNO 2 1077420 2048 -1
ChairNO 3 1077422 2048 -1
ChairNO 4 1077421 2048 -1
Flags 15
Name 0 longhua1
Sex 0 0
Win_Loss_StandOff 0 250 265 16
Name 1 lh4
Sex 1 1
Win_Loss_StandOff 1 10 13 0
Name 2 lh1
Sex 2 0
Win_Loss_StandOff 2 344 307 15
Name 3 lh3
Sex 3 0
Win_Loss_StandOff 3 11 17 0
Name 4 lh2
Sex 4 1
Win_Loss_StandOff 4 65 77 5
0006 00:00:00 Deal 0 HXCJC7CXD8S4SKC5DJ
0006 00:00:00 RawDeal 0 34,22,18,21,6,41,50,16,9
0006 00:00:00 Deal 1 S7S8C3DQSXSQD6CQS9
0006 00:00:00 RawDeal 1 44,45,14,10,47,49,4,23,46
0006 00:00:00 Deal 2 HAH3DXCAD7H6D2CKS2
0006 00:00:00 RawDeal 2 38,27,8,25,5,30,0,24,39
0006 00:00:00 Deal 3 HJC6C4C8D4C9H4H9SJ
0006 00:00:00 RawDeal 3 35,17,15,19,2,20,28,33,48
0006 00:00:00 Deal 4 DKH2HKS5H8C2HQD3H7
0006 00:00:00 RawDeal 4 11,26,37,42,32,13,36,1,31
0007 00:00:04 Divide 4 H8S5C2HKDKD3HQH7H2 1,2,4
0007 00:00:04 RawDivide 4 32,42,13,37,11,1,36,31,26 1,2,4
0008 00:00:05 Divide 3 SJC9D4C8C6C4HJH9H4 1,4,4
0008 00:00:05 RawDivide 3 48,20,2,19,17,15,35,33,28 1,4,4
0009 00:00:07 Divide 1 SXS9C3S8S7D6SQCQDQ 1,3,6
0009 00:00:07 RawDivide 1 47,46,14,45,44,4,49,23,10 1,3,6
0010 00:00:08 Divide 0 SKHXS4CJDJD8CXC7C5 1,2,4
0010 00:00:08 RawDivide 0 50,34,41,22,9,6,21,18,16 1,2,4
0011 00:00:09 Divide 2 CACKS2DXD7D2HAH6H3 1,4,4
0011 00:00:09 RawDivide 2 25,24,39,8,5,0,38,30,27 1,4,4
0011 00:00:09 ScoreDiff 0 -24 1
0011 00:00:09 RawScoreDiff 0 -24 1
0011 00:00:09 DepositDiff 0 -1640 60
0011 00:00:09 RawDepositDiff 0 -1640 60
0011 00:00:09 ScoreDiff 1 34 1
0011 00:00:09 RawScoreDiff 1 34 1
0011 00:00:09 DepositDiff 1 1840 60
0011 00:00:09 RawDepositDiff 1 1840 60
0011 00:00:09 ScoreDiff 2 32 1
0011 00:00:09 RawScoreDiff 2 32 1
0011 00:00:09 DepositDiff 2 1720 60
0011 00:00:09 RawDepositDiff 2 1720 60
0011 00:00:09 ScoreDiff 3 -18 1
0011 00:00:09 RawScoreDiff 3 -18 1
0011 00:00:09 DepositDiff 3 -1280 60
0011 00:00:09 RawDepositDiff 3 -1280 60
0011 00:00:09 ScoreDiff 4 -24 1
0011 00:00:09 RawScoreDiff 4 -24 1
0011 00:00:09 DepositDiff 4 -1640 60
0011 00:00:09 RawDepositDiff 4 -1640 60
Version 1.1
Timestamp 1757990456
RoomID 7979
TableNO 3
ChairNO 0 1077420 2048 -1
ChairNO 1 1077422 2048 -1
ChairNO 2 1070274 2048 -1
ChairNO 3 1077421 2048 -1
ChairNO 4 1077423 2048 -1
Flags 15
Name 0 lh1
Sex 0 0
Win_Loss_StandOff 0 345 307 15
Name 1 lh3
Sex 1 0
Win_Loss_StandOff 1 11 18 0
Name 2 longhua1
Sex 2 0
Win_Loss_StandOff 2 250 266 16
Name 3 lh2
Sex 3 1
Win_Loss_StandOff 3 65 78 5
Name 4 lh4
Sex 4 1
Win_Loss_StandOff 4 11 13 0
0006 00:00:00 Deal 0 H6HJCKDKC3CXS6CQSQ
0006 00:00:00 RawDeal 0 30,35,24,11,14,21,43,23,49
0006 00:00:00 Deal 1 C7S3CAC6H5C8H9S8DQ
0006 00:00:00 RawDeal 1 18,40,25,17,29,19,33,45,10
0006 00:00:00 Deal 2 S7H2D2D9D5D7H8C9SK
0006 00:00:00 RawDeal 2 44,26,0,7,3,5,32,20,50
0006 00:00:00 Deal 3 SAC2HQSXDAC5SJD8D4
0006 00:00:00 RawDeal 3 51,13,36,47,12,16,48,6,2
0006 00:00:00 Deal 4 DJHXHKDXS5CJH7H4C4
0006 00:00:00 RawDeal 4 9,34,37,8,42,22,31,28,15
0007 00:00:04 Divide 0 CXH6S6DKSQHJCKCQC3 2,3,4
0007 00:00:04 RawDivide 0 21,30,43,11,49,35,24,23,14 2,3,4
0008 00:00:08 Divide 3 HQC5C2DAD8D4SASJSX 1,4,4
0008 00:00:08 RawDivide 3 36,16,13,12,6,2,51,48,47 1,4,4
0009 00:00:10 Divide 4 HXDXC4CJDJS5HKH7H4 2,2,4
0009 00:00:10 RawDivide 4 34,8,15,22,9,42,37,31,28 2,2,4
0010 00:00:11 Divide 2 SKH2D2C9H8S7D9D7D5 2,3,4
0010 00:00:11 RawDivide 2 50,26,0,20,32,44,7,5,3 2,3,4
0011 00:00:11 Divide 1 DQS8H5CAH9S3C8C7C6 1,1,5
0011 00:00:11 RawDivide 1 10,45,29,25,33,40,19,18,17 1,1,5
0011 00:00:11 ScoreDiff 0 -11 1
0011 00:00:11 RawScoreDiff 0 -11 1
0011 00:00:11 DepositDiff 0 -860 60
0011 00:00:11 RawDepositDiff 0 -860 60
0011 00:00:11 ScoreDiff 1 18 1
0011 00:00:11 RawScoreDiff 1 18 1
0011 00:00:11 DepositDiff 1 880 60
0011 00:00:11 RawDepositDiff 1 880 60
0011 00:00:11 ScoreDiff 2 -19 1
0011 00:00:11 RawScoreDiff 2 -19 1
0011 00:00:11 DepositDiff 2 -1340 60
0011 00:00:11 RawDepositDiff 2 -1340 60
0011 00:00:11 ScoreDiff 3 7 1
0011 00:00:11 RawScoreDiff 3 7 1
0011 00:00:11 DepositDiff 3 220 60
0011 00:00:11 RawDepositDiff 3 220 60
0011 00:00:11 ScoreDiff 4 5 1
0011 00:00:11 RawScoreDiff 4 5 1
0011 00:00:11 DepositDiff 4 100 60
0011 00:00:11 RawDepositDiff 4 100 60
Version 1.1
Timestamp 1757990555
RoomID 7979
TableNO 1
ChairNO 0 1077423 2048 -1
ChairNO 1 1077422 2048 -1
ChairNO 2 1077421 2048 -1
ChairNO 3 1124393 1073741824 -1
ChairNO 4 1123549 1073741824 -1
Flags 15
Name 0 lh4
Sex 0 1
Win_Loss_StandOff 0 12 13 0
Name 1 lh3
Sex 1 0
Win_Loss_StandOff 1 12 18 0
Name 2 lh2
Sex 2 1
Win_Loss_StandOff 2 66 78 5
Name 3 Íæ¼Ò1124393
Sex 3 0
Win_Loss_StandOff 3 14 25 1
Name 4 Íæ¼Ò1123549
Sex 4 1
Win_Loss_StandOff 4 20 25 1
0006 00:00:00 Deal 0 S7HQD3C7SXDQSKS9HX
0006 00:00:00 RawDeal 0 44,36,1,18,47,10,50,46,34
0006 00:00:00 Deal 1 H6DKDXS8D2H8SAD7D9
0006 00:00:00 RawDeal 1 30,11,8,45,0,32,51,5,7
0006 00:00:00 Deal 2 C8H5HAC2D8DJCXHKS4
0006 00:00:00 RawDeal 2 19,29,38,13,6,9,21,37,41
0006 00:00:00 Deal 3 D6SQH7S6S3C4H3DACJ
0006 00:00:00 RawDeal 3 4,49,31,43,40,15,27,12,22
0006 00:00:00 Deal 4 C9SJH4C6CAH9CKH2D5
0006 00:00:00 RawDeal 4 20,48,28,17,25,33,24,26,3
0007 00:00:05 Divide 3 CJH7D6DAC4H3SQS6S3 1,1,4
0007 00:00:05 RawDivide 3 22,31,4,12,15,27,49,43,40 1,1,4
0008 00:00:07 Divide 4 CKSJD5H9H4H2CAC9C6 1,4,4
0008 00:00:07 RawDivide 4 24,48,3,33,28,26,25,20,17 1,4,4
0009 00:00:10 Divide 2 DJD8S4CXC8C2HAHKH5 1,4,4
0009 00:00:10 RawDivide 2 9,6,41,21,19,13,38,37,29 1,4,4
0010 00:00:12 Divide 0 SXHXD3HQDQC7SKS9S7 2,2,4
0010 00:00:12 RawDivide 0 47,34,1,36,10,18,50,46,44 2,2,4
0011 00:00:14 Divide 1 SAH8H6DXD9S8DKD7D2 1,3,4
0011 00:00:14 RawDivide 1 51,32,30,8,7,45,11,5,0 1,3,4
0011 00:00:14 ScoreDiff 0 10 1
0011 00:00:14 RawScoreDiff 0 10 1
0011 00:00:14 DepositDiff 0 400 60
0011 00:00:14 RawDepositDiff 0 400 60
0011 00:00:14 ScoreDiff 1 -12 1
0011 00:00:14 RawScoreDiff 1 -12 1
0011 00:00:14 DepositDiff 1 -920 60
0011 00:00:14 RawDepositDiff 1 -920 60
0011 00:00:14 ScoreDiff 2 34 1
0011 00:00:14 RawScoreDiff 2 34 1
0011 00:00:14 DepositDiff 2 1840 60
0011 00:00:14 RawDepositDiff 2 1840 60
0011 00:00:14 ScoreDiff 3 -24 1
0011 00:00:14 RawScoreDiff 3 -24 1
0011 00:00:14 DepositDiff 3 -1640 60
0011 00:00:14 RawDepositDiff 3 -1640 60
0011 00:00:14 ScoreDiff 4 -8 1
0011 00:00:14 RawScoreDiff 4 -8 1
0011 00:00:14 DepositDiff 4 -680 60
0011 00:00:14 RawDepositDiff 4 -680 60
Version 1.1
Timestamp 1757990567
RoomID 7979
TableNO 2
ChairNO 0 1077420 2048 -1
ChairNO 1 1124082 1073741824 -1
ChairNO 2 1119842 1073741824 -1
ChairNO 3 1119374 1073741824 -1
ChairNO 4 1119333 1073741824 -1
Flags 15
Name 0 lh1
Sex 0 0
Win_Loss_StandOff 0 345 308 15
Name 1 Íæ¼Ò1124082
Sex 1 0
Win_Loss_StandOff 1 17 17 2
Name 2 Æä¶ÀÇã
Sex 2 1
Win_Loss_StandOff 2 10 22 0
Name 3 ½ôÕÅe°µÒ¹
Sex 3 1
Win_Loss_StandOff 3 26 15 0
Name 4 »ÆÉ«°ÍÈûÂÞÄÇP
Sex 4 0
Win_Loss_StandOff 4 24 28 0
0006 00:00:00 Deal 0 SXH5H6D2H4H2DAD7H3
0006 00:00:00 RawDeal 0 47,29,30,0,28,26,12,5,27
0006 00:00:00 Deal 1 CQD8H7D6S5DQS7S9DK
0006 00:00:00 RawDeal 1 23,6,31,4,42,10,44,46,11
0006 00:00:00 Deal 2 H9HAS4DXCJS6C9S2SJ
0006 00:00:00 RawDeal 2 33,38,41,8,22,43,20,39,48
0006 00:00:00 Deal 3 HJH8HXSQC4SKCAC8D5
0006 00:00:00 RawDeal 3 35,32,34,49,15,50,25,19,3
0006 00:00:00 Deal 4 HKSAC7C5CKDJD3D4D9
0006 00:00:00 RawDeal 4 37,51,18,16,24,9,1,2,7
0007 00:00:03 Divide 0 SXH3H2DAD7D2H6H5H4 1,4,5
0007 00:00:03 RawDivide 0 47,27,26,12,5,0,30,29,28 1,4,5
0008 00:00:06 Divide 4 SAHKD4DJD9D3CKC7C5 1,4,4
0008 00:00:06 RawDivide 4 51,37,2,9,7,1,24,18,16 1,4,4
0009 00:00:08 Divide 3 SKSQD5HJHXH8CAC8C4 1,4,4
0009 00:00:08 RawDivide 3 50,49,3,35,34,32,25,19,15 1,4,4
0010 00:00:08 Divide 1 CQDQH7S9S7S5DKD8D6 2,4,4
0010 00:00:08 RawDivide 1 23,10,31,46,44,42,11,6,4 2,4,4
0011 00:00:08 Divide 2 HAH9S4CJDXC9SJS6S2 1,3,4
0011 00:00:08 RawDivide 2 38,33,41,22,8,20,48,43,39 1,3,4
0011 00:00:08 ScoreDiff 0 44 1
0011 00:00:08 RawScoreDiff 0 44 1
0011 00:00:08 DepositDiff 0 2440 60
0011 00:00:08 RawDepositDiff 0 2440 60
0011 00:00:08 ScoreDiff 1 7 1
0011 00:00:08 RawScoreDiff 1 7 1
0011 00:00:08 DepositDiff 1 220 60
0011 00:00:08 RawDepositDiff 1 220 60
0011 00:00:08 ScoreDiff 2 -23 1
0011 00:00:08 RawScoreDiff 2 -23 1
0011 00:00:08 DepositDiff 2 -1580 60
0011 00:00:08 RawDepositDiff 2 -1580 60
0011 00:00:08 ScoreDiff 3 -13 1
0011 00:00:08 RawScoreDiff 3 -13 1
0011 00:00:08 DepositDiff 3 -980 60
0011 00:00:08 RawDepositDiff 3 -980 60
0011 00:00:08 ScoreDiff 4 -15 1
0011 00:00:08 RawScoreDiff 4 -15 1
0011 00:00:08 DepositDiff 4 -1100 60
0011 00:00:08 RawDepositDiff 4 -1100 60
Version 1.1
Timestamp 1757990774
RoomID 7979
TableNO 1
ChairNO 0 1077420 2048 -1
ChairNO 1 1120188 1073741824 -1
ChairNO 2 1124082 1073741824 -1
ChairNO 3 1119699 1073741824 -1
ChairNO 4 1120233 1073741824 -1
Flags 15
Name 0 lh1
Sex 0 0
Win_Loss_StandOff 0 346 308 15
Name 1 ÎÂºÍ°×¾ÆP
Sex 1 1
Win_Loss_StandOff 1 26 26 0
Name 2 Íæ¼Ò1124082
Sex 2 0
Win_Loss_StandOff 2 18 17 2
Name 3 ÓµÓÐ777Ï¡º±
Sex 3 0
Win_Loss_StandOff 3 24 24 2
Name 4 ÆäÄ©ÊÀ´ó°ÍÔú
Sex 4 0
Win_Loss_StandOff 4 24 21 0
0006 00:00:01 Deal 0 S9C3H2CAHXD8D6SJC2
0006 00:00:01 RawDeal 0 46,14,26,25,34,6,4,48,13
0006 00:00:01 Deal 1 SAS4DQD9HQDJC6H6DA
0006 00:00:01 RawDeal 1 51,41,10,7,36,9,17,30,12
0006 00:00:01 Deal 2 CKH5D3DXC9H3DKH9HA
0006 00:00:01 RawDeal 2 24,29,1,8,20,27,11,33,38
0006 00:00:01 Deal 3 D5H8SXH7HJC7SKS7S8
0006 00:00:01 RawDeal 3 3,32,47,31,35,18,50,44,45
0006 00:00:01 Deal 4 HKD7C8S3C5D2SQCJS2
0006 00:00:01 RawDeal 4 37,5,19,40,16,0,49,22,39
0007 00:00:04 Divide 1 H6C6SAHQDQS4DADJD9 2,2,4
0007 00:00:04 RawDivide 1 30,17,51,36,10,41,12,9,7 2,2,4
0008 00:00:06 Divide 4 HKD7D2CJC8C5SQS3S2 1,4,4
0008 00:00:06 RawDivide 4 37,5,0,22,19,16,49,40,39 1,4,4
0009 00:00:06 Divide 2 H9C9CKDKDXD3HAH5H3 2,4,4
0009 00:00:06 RawDivide 2 33,20,24,11,8,1,38,29,27 2,4,4
0010 00:00:09 Divide 3 HJH8D5SKSXS8S7H7C7 1,4,6
0010 00:00:09 RawDivide 3 35,32,3,50,47,45,44,31,18 1,4,6
0011 00:00:17 Divide 0 SJD6H2HXS9D8CAC3C2 1,3,5
0011 00:00:17 RawDivide 0 48,4,26,34,46,6,25,14,13 1,3,5
0011 00:00:17 ScoreDiff 0 -22 1
0011 00:00:17 RawScoreDiff 0 -22 1
0011 00:00:17 DepositDiff 0 -1520 60
0011 00:00:17 RawDepositDiff 0 -1520 60
0011 00:00:17 ScoreDiff 1 -20 1
0011 00:00:17 RawScoreDiff 1 -20 1
0011 00:00:17 DepositDiff 1 -1400 60
0011 00:00:17 RawDepositDiff 1 -1400 60
0011 00:00:17 ScoreDiff 2 6 1
0011 00:00:17 RawScoreDiff 2 6 1
0011 00:00:17 DepositDiff 2 160 60
0011 00:00:17 RawDepositDiff 2 160 60
0011 00:00:17 ScoreDiff 3 58 1
0011 00:00:17 RawScoreDiff 3 58 1
0011 00:00:17 DepositDiff 3 3280 60
0011 00:00:17 RawDepositDiff 3 3280 60
0011 00:00:17 ScoreDiff 4 -22 1
0011 00:00:17 RawScoreDiff 4 -22 1
0011 00:00:17 DepositDiff 4 -1520 60
0011 00:00:17 RawDepositDiff 4 -1520 60
Version 1.1
Timestamp 1757991034
RoomID 7979
TableNO 2
ChairNO 0 1077420 2048 -1
ChairNO 1 1119333 1073741824 -1
ChairNO 2 1119699 1073741824 -1
ChairNO 3 1119374 1073741824 -1
ChairNO 4 1123549 1073741824 -1
Flags 15
Name 0 lh1
Sex 0 0
Win_Loss_StandOff 0 346 310 15
Name 1 »ÆÉ«°ÍÈûÂÞÄÇP
Sex 1 0
Win_Loss_StandOff 1 24 29 0
Name 2 ÓµÓÐ777Ï¡º±
Sex 2 0
Win_Loss_StandOff 2 25 24 2
Name 3 ½ôÕÅe°µÒ¹
Sex 3 1
Win_Loss_StandOff 3 26 16 0
Name 4 Íæ¼Ò1123549
Sex 4 1
Win_Loss_StandOff 4 20 26 1
0006 00:00:00 Deal 0 SQSXD5CXSJD6S8C6HA
0006 00:00:00 RawDeal 0 49,47,3,21,48,4,45,17,38
0006 00:00:00 Deal 1 DKD9S2CKD7C5D8DJS4
0006 00:00:00 RawDeal 1 11,7,39,24,5,16,6,9,41
0006 00:00:00 Deal 2 D4H5H2S9S3H9HQH7HK
0006 00:00:00 RawDeal 2 2,29,26,46,40,33,36,31,37
0006 00:00:00 Deal 3 H3CJC9C2C8D3C3CAD2
0006 00:00:00 RawDeal 3 27,22,20,13,19,1,14,25,0
0006 00:00:00 Deal 4 H8C7S7SAH4CQDQHXHJ
0006 00:00:00 RawDeal 4 32,18,44,51,28,23,10,34,35
0007 00:00:04 Divide 4 S7C7SACQDQH8HJHXH4 2,2,4
0007 00:00:04 RawDivide 4 44,18,51,23,10,32,35,34,28 2,2,4
0008 00:00:04 Divide 0 HACXD5S8C6D6SQSJSX 1,2,5
0008 00:00:04 RawDivide 0 38,21,3,45,17,4,49,48,47 1,2,5
0009 00:00:05 Divide 3 C2D2C9CACJC8H3C3D3 2,4,6
0009 00:00:05 RawDivide 3 13,0,20,25,22,19,27,14,1 2,4,6
0010 00:00:06 Divide 1 CKC5S4DKDJS2D9D8D7 1,1,5
0010 00:00:06 RawDivide 1 24,16,41,11,9,39,7,6,5 1,1,5
0011 00:00:06 Divide 2 S9D4S3HQH7H2HKH9H5 1,4,4
0011 00:00:06 RawDivide 2 46,2,40,36,31,26,37,33,29 1,4,4
0011 00:00:06 ScoreDiff 0 -18 1
0011 00:00:06 RawScoreDiff 0 -18 1
0011 00:00:06 DepositDiff 0 -1280 60
0011 00:00:06 RawDepositDiff 0 -1280 60
0011 00:00:06 ScoreDiff 1 -24 1
0011 00:00:06 RawScoreDiff 1 -24 1
0011 00:00:06 DepositDiff 1 -1640 60
0011 00:00:06 RawDepositDiff 1 -1640 60
0011 00:00:06 ScoreDiff 2 -22 1
0011 00:00:06 RawScoreDiff 2 -22 1
0011 00:00:06 DepositDiff 2 -1520 60
0011 00:00:06 RawDepositDiff 2 -1520 60
0011 00:00:06 ScoreDiff 3 62 1
0011 00:00:06 RawScoreDiff 3 62 1
0011 00:00:06 DepositDiff 3 3520 60
0011 00:00:06 RawDepositDiff 3 3520 60
0011 00:00:06 ScoreDiff 4 2 1
0011 00:00:06 RawScoreDiff 4 2 1
0011 00:00:06 DepositDiff 4 -80 60
0011 00:00:06 RawDepositDiff 4 -80 60
Version 1.1
Timestamp 1757991185
RoomID 7979
TableNO 2
ChairNO 0 1077420 2048 -1
ChairNO 1 1120233 1073741824 -1
ChairNO 2 1123549 1073741824 -1
ChairNO 3 1119842 1073741824 -1
ChairNO 4 1124410 1073741824 -1
Flags 15
Name 0 lh1
Sex 0 0
Win_Loss_StandOff 0 346 312 15
Name 1 ÆäÄ©ÊÀ´ó°ÍÔú
Sex 1 0
Win_Loss_StandOff 1 24 22 0
Name 2 Íæ¼Ò1123549
Sex 2 1
Win_Loss_StandOff 2 21 26 1
Name 3 Æä¶ÀÇã
Sex 3 1
Win_Loss_StandOff 3 10 23 0
Name 4 Íæ¼Ò1124410
Sex 4 0
Win_Loss_StandOff 4 32 31 1
0006 00:00:01 Deal 0 H9H4CAD6HAH5S7DQH2
0006 00:00:01 RawDeal 0 33,28,25,4,38,29,44,10,26
0006 00:00:01 Deal 1 D4DKC8C9SKC6H6D8CQ
0006 00:00:01 RawDeal 1 2,11,19,20,50,17,30,6,23
0006 00:00:01 Deal 2 CKCJS8S2H8D7D3S5S9
0006 00:00:01 RawDeal 2 24,22,45,39,32,5,1,42,46
0006 00:00:01 Deal 3 CXS3DJS6SJC5HQC7HJ
0006 00:00:01 RawDeal 3 21,40,9,43,48,16,36,18,35
0006 00:00:01 Deal 4 H7D9DXHKS4D2C4HXSA
0006 00:00:01 RawDeal 4 31,7,8,37,41,0,15,34,51
0007 00:00:04 Divide 2 CKCJD3S9H8D7S8S5S2 1,3,4
0007 00:00:04 RawDivide 2 24,22,1,46,32,5,45,42,39 1,3,4
0008 00:00:04 Divide 3 HQS6S3CXC7C5SJHJDJ 1,4,6
0008 00:00:04 RawDivide 3 36,43,40,21,18,16,48,35,9 1,4,6
0009 00:00:06 Divide 0 HACADQS7D6H5H9H4H2 2,3,4
0009 00:00:06 RawDivide 0 38,25,10,44,4,29,33,28,26 2,3,4
0010 00:00:06 Divide 4 S4C4SADXD9D2HKHXH7 2,4,4
0010 00:00:06 RawDivide 4 41,15,51,8,7,0,37,34,31 2,4,4
0011 00:00:07 Divide 1 H6C6SKCQC9C8DKD8D4 2,4,4
0011 00:00:07 RawDivide 1 30,17,50,23,20,19,11,6,2 2,4,4
0011 00:00:08 ScoreDiff 0 0 1
0011 00:00:08 RawScoreDiff 0 0 1
0011 00:00:08 DepositDiff 0 -200 60
0011 00:00:08 RawDepositDiff 0 -200 60
0011 00:00:08 ScoreDiff 1 8 1
0011 00:00:08 RawScoreDiff 1 8 1
0011 00:00:08 DepositDiff 1 272 60
0011 00:00:08 RawDepositDiff 1 272 60
0011 00:00:08 ScoreDiff 2 -26 1
0011 00:00:08 RawScoreDiff 2 -26 1
0011 00:00:08 DepositDiff 2 -1720 60
0011 00:00:08 RawDepositDiff 2 -1720 60
0011 00:00:08 ScoreDiff 3 32 1
0011 00:00:08 RawScoreDiff 3 32 1
0011 00:00:08 DepositDiff 3 1688 60
0011 00:00:08 RawDepositDiff 3 1688 60
0011 00:00:08 ScoreDiff 4 -14 1
0011 00:00:08 RawScoreDiff 4 -14 1
0011 00:00:08 DepositDiff 4 -1040 60
0011 00:00:08 RawDepositDiff 4 -1040 60
Version 1.1
Timestamp 1757991521
RoomID 7979
TableNO 2
ChairNO 0 1077420 2048 -1
ChairNO 1 1120188 1073741824 -1
ChairNO 2 1119699 1073741824 -1
ChairNO 3 1119374 1073741824 -1
ChairNO 4 1124393 1073741824 -1
Flags 15
Name 0 lh1
Sex 0 0
Win_Loss_StandOff 0 347 312 16
Name 1 ÎÂºÍ°×¾ÆP
Sex 1 1
Win_Loss_StandOff 1 26 27 0
Name 2 ÓµÓÐ777Ï¡º±
Sex 2 0
Win_Loss_StandOff 2 25 25 2
Name 3 ½ôÕÅe°µÒ¹
Sex 3 1
Win_Loss_StandOff 3 27 16 0
Name 4 Íæ¼Ò1124393
Sex 4 0
Win_Loss_StandOff 4 14 26 1
0006 00:00:00 Deal 0 DACJH5C8H3SJDXH7C6
0006 00:00:00 RawDeal 0 12,22,29,19,27,48,8,31,17
0006 00:00:00 Deal 1 H8S5CAS4DQD7S8C4S6
0006 00:00:00 RawDeal 1 32,42,25,41,10,5,45,15,43
0006 00:00:00 Deal 2 C5CQDJH2CXD5S7DKD3
0006 00:00:00 RawDeal 2 16,23,9,26,21,3,44,11,1
0006 00:00:00 Deal 3 C3SKC9D9S3SXHASQH4
0006 00:00:00 RawDeal 3 14,50,20,7,40,47,38,49,28
0006 00:00:00 Deal 4 HJH6D2S2HQH9S9C7HK
0006 00:00:00 RawDeal 4 35,30,0,39,36,33,46,18,37
0007 00:00:02 Divide 0 DASJDXH7H5H3CJC8C6 1,4,4
0007 00:00:02 RawDivide 0 12,48,8,31,29,27,22,19,17 1,4,4
0008 00:00:04 Divide 2 DJS7H2CQCXC5DKD5D3 1,4,4
0008 00:00:04 RawDivide 2 9,44,26,23,21,16,11,3,1 1,4,4
0009 00:00:04 Divide 4 S2D2C7S9H9H6HKHQHJ 2,2,5
0009 00:00:04 RawDivide 4 39,0,18,46,33,30,37,36,35 2,2,5
0010 00:00:07 Divide 1 CADQD7S8H8C4S6S5S4 1,2,5
0010 00:00:07 RawDivide 1 25,10,5,45,32,15,43,42,41 1,2,5
0011 00:00:07 Divide 3 S3C3HAC9D9H4SKSQSX 2,2,4
0011 00:00:07 RawDivide 3 40,14,38,20,7,28,50,49,47 2,2,4
0011 00:00:07 ScoreDiff 0 -19 1
0011 00:00:07 RawScoreDiff 0 -19 1
0011 00:00:07 DepositDiff 0 -1340 60
0011 00:00:07 RawDepositDiff 0 -1340 60
0011 00:00:07 ScoreDiff 1 -17 1
0011 00:00:07 RawScoreDiff 1 -17 1
0011 00:00:07 DepositDiff 1 -1220 60
0011 00:00:07 RawDepositDiff 1 -1220 60
0011 00:00:07 ScoreDiff 2 3 1
0011 00:00:07 RawScoreDiff 2 3 1
0011 00:00:07 DepositDiff 2 -20 60
0011 00:00:07 RawDepositDiff 2 -20 60
0011 00:00:07 ScoreDiff 3 7 1
0011 00:00:07 RawScoreDiff 3 7 1
0011 00:00:07 DepositDiff 3 220 60
0011 00:00:07 RawDepositDiff 3 220 60
0011 00:00:07 ScoreDiff 4 26 1
0011 00:00:07 RawScoreDiff 4 26 1
0011 00:00:07 DepositDiff 4 1360 60
0011 00:00:07 RawDepositDiff 4 1360 60
Version 1.1
Timestamp 1757992260
RoomID 7979
TableNO 1
ChairNO 0 1077420 2048 -1
ChairNO 1 1123549 1073741824 -1
ChairNO 2 1119842 1073741824 -1
ChairNO 3 1124410 1073741824 -1
ChairNO 4 1119333 1073741824 -1
Flags 15
Name 0 lh1
Sex 0 0
Win_Loss_StandOff 0 348 313 16
Name 1 Íæ¼Ò1123549
Sex 1 1
Win_Loss_StandOff 1 21 27 1
Name 2 Æä¶ÀÇã
Sex 2 1
Win_Loss_StandOff 2 11 23 0
Name 3 Íæ¼Ò1124410
Sex 3 0
Win_Loss_StandOff 3 32 32 1
Name 4 »ÆÉ«°ÍÈûÂÞÄÇP
Sex 4 0
Win_Loss_StandOff 4 24 30 0
0006 00:00:00 Deal 0 CQS6D4C6S5C7H9DKSA
0006 00:00:00 RawDeal 0 23,43,2,17,42,18,33,11,51
0006 00:00:00 Deal 1 SKHQC8HKD7C4D2S7C2
0006 00:00:00 RawDeal 1 50,36,19,37,5,15,0,44,13
0006 00:00:00 Deal 2 S3HXD5D6S4C3CASQS8
0006 00:00:00 RawDeal 2 40,34,3,4,41,14,25,49,45
0006 00:00:00 Deal 3 SXDJS9H3H2C5H4H5C9
0006 00:00:00 RawDeal 3 47,9,46,27,26,16,28,29,20
0006 00:00:00 Deal 4 SJD3DXS2D9H6H7CKHJ
0006 00:00:00 RawDeal 4 48,1,8,39,7,30,31,24,35
0007 00:00:03 Divide 0 DKH9D4CQC7C6SAS6S5 1,4,4
0007 00:00:03 RawDivide 0 11,33,2,23,18,17,51,43,42 1,4,4
0008 00:00:04 Divide 1 S7D7D2SKHKHQC8C4C2 2,2,4
0008 00:00:04 RawDivide 1 44,5,0,50,37,36,19,15,13 2,2,4
0009 00:00:06 Divide 2 CAHXD6D5S4C3SQS8S3 1,3,4
0009 00:00:06 RawDivide 2 25,34,4,3,41,14,49,45,40 1,3,4
0010 00:00:07 Divide 4 CKSJS2DXD9D3HJH7H6 1,4,4
0010 00:00:07 RawDivide 4 24,48,39,8,7,1,35,31,30 1,4,4
0011 00:00:07 Divide 3 H5C5C9DJSXS9H4H3H2 2,3,5
0011 00:00:07 RawDivide 3 29,16,20,9,47,46,28,27,26 2,3,5
0011 00:00:07 ScoreDiff 0 7 1
0011 00:00:07 RawScoreDiff 0 7 1
0011 00:00:07 DepositDiff 0 220 60
0011 00:00:07 RawDepositDiff 0 220 60
0011 00:00:07 ScoreDiff 1 1 1
0011 00:00:07 RawScoreDiff 1 1 1
0011 00:00:07 DepositDiff 1 -140 60
0011 00:00:07 RawDepositDiff 1 -140 60
0011 00:00:07 ScoreDiff 2 -17 1
0011 00:00:07 RawScoreDiff 2 -17 1
0011 00:00:07 DepositDiff 2 -1220 60
0011 00:00:07 RawDepositDiff 2 -1220 60
0011 00:00:07 ScoreDiff 3 26 1
0011 00:00:07 RawScoreDiff 3 26 1
0011 00:00:07 DepositDiff 3 1360 60
0011 00:00:07 RawDepositDiff 3 1360 60
0011 00:00:07 ScoreDiff 4 -17 1
0011 00:00:07 RawScoreDiff 4 -17 1
0011 00:00:07 DepositDiff 4 -1220 60
0011 00:00:07 RawDepositDiff 4 -1220 60
Version 1.1
Timestamp 1757992379
RoomID 7979
TableNO 1
ChairNO 0 1077420 2048 -1
ChairNO 1 1119374 1073741824 -1
ChairNO 2 1120233 1073741824 -1
ChairNO 3 1120188 1073741824 -1
ChairNO 4 1119842 1073741824 -1
Flags 15
Name 0 lh1
Sex 0 0
Win_Loss_StandOff 0 349 314 16
Name 1 ½ôÕÅe°µÒ¹
Sex 1 1
Win_Loss_StandOff 1 28 16 0
Name 2 ÆäÄ©ÊÀ´ó°ÍÔú
Sex 2 0
Win_Loss_StandOff 2 25 22 0
Name 3 ÎÂºÍ°×¾ÆP
Sex 3 1
Win_Loss_StandOff 3 26 28 0
Name 4 Æä¶ÀÇã
Sex 4 1
Win_Loss_StandOff 4 11 24 0
0006 00:00:00 Deal 0 H9C4D4HJH7D8C7H2CQ
0006 00:00:00 RawDeal 0 33,15,2,35,31,6,18,26,23
0006 00:00:00 Deal 1 SXS5C5C2CJD5SJCAHA
0006 00:00:00 RawDeal 1 47,42,16,13,22,3,48,25,38
0006 00:00:00 Deal 2 C6S6SQHQD9SKD6DKHK
0006 00:00:00 RawDeal 2 17,43,49,36,7,50,4,11,37
0006 00:00:00 Deal 3 H8DQDJH6CKD2DXS4CX
0006 00:00:00 RawDeal 3 32,10,9,30,24,0,8,41,21
0006 00:00:00 Deal 4 H5S3C3DAS7S2H4D7S9
0006 00:00:00 RawDeal 4 29,40,14,12,44,39,28,5,46
0007 00:00:03 Divide 4 S7D7DAH5H4C3S9S3S2 2,3,4
0007 00:00:03 RawDivide 4 44,5,12,29,28,14,46,40,39 2,3,4
0008 00:00:05 Divide 0 H9D8D4HJH7H2CQC7C4 1,4,4
0008 00:00:05 RawDivide 0 33,6,2,35,31,26,23,18,15 1,4,4
0009 00:00:06 Divide 2 SQHQD9S6C6D6SKHKDK 2,6,6
0009 00:00:06 RawDivide 2 49,36,7,43,17,4,50,37,11 2,6,6
0010 00:00:08 Divide 1 HASJSXCACJC2S5C5D5 1,4,6
0010 00:00:08 RawDivide 1 38,48,47,25,22,13,42,16,3 1,4,6
0011 00:00:08 Divide 3 CXH8H6CKS4D2DQDJDX 1,1,5
0011 00:00:08 RawDivide 3 21,32,30,24,41,0,10,9,8 1,1,5
0011 00:00:08 ScoreDiff 0 -36 1
0011 00:00:08 RawScoreDiff 0 -36 1
0011 00:00:08 DepositDiff 0 -2072 60
0011 00:00:08 RawDepositDiff 0 -2072 60
0011 00:00:08 ScoreDiff 1 -26 1
0011 00:00:08 RawScoreDiff 1 -26 1
0011 00:00:08 DepositDiff 1 -1760 60
0011 00:00:08 RawDepositDiff 1 -1760 60
0011 00:00:08 ScoreDiff 2 132 1
0011 00:00:08 RawScoreDiff 2 132 1
0011 00:00:08 DepositDiff 2 6976 60
0011 00:00:08 RawDepositDiff 2 6976 60
0011 00:00:08 ScoreDiff 3 -36 1
0011 00:00:08 RawScoreDiff 3 -36 1
0011 00:00:08 DepositDiff 3 -2072 60
0011 00:00:08 RawDepositDiff 3 -2072 60
0011 00:00:08 ScoreDiff 4 -34 1
0011 00:00:08 RawScoreDiff 4 -34 1
0011 00:00:08 DepositDiff 4 -2072 60
0011 00:00:08 RawDepositDiff 4 -2072 60
Version 1.1
Timestamp 1757992407
RoomID 7979
TableNO 2
ChairNO 0 1077420 2048 -1
ChairNO 1 1124410 1073741824 -1
ChairNO 2 1119699 1073741824 -1
ChairNO 3 1124393 1073741824 -1
ChairNO 4 1123549 1073741824 -1
Flags 15
Name 0 lh1
Sex 0 0
Win_Loss_StandOff 0 349 315 16
Name 1 Íæ¼Ò1124410
Sex 1 0
Win_Loss_StandOff 1 33 32 1
Name 2 ÓµÓÐ777Ï¡º±
Sex 2 0
Win_Loss_StandOff 2 26 25 2
Name 3 Íæ¼Ò1124393
Sex 3 0
Win_Loss_StandOff 3 15 26 1
Name 4 Íæ¼Ò1123549
Sex 4 1
Win_Loss_StandOff 4 22 27 1
0006 00:00:00 Deal 0 H2D4C5CJCXHQD3H5DK
0006 00:00:00 RawDeal 0 26,2,16,22,21,36,1,29,11
0006 00:00:00 Deal 1 S8CKS2SAD6S7H9DJS5
0006 00:00:00 RawDeal 1 45,24,39,51,4,44,33,9,42
0006 00:00:00 Deal 2 SKHJSJHXS9SXC4DAC8
0006 00:00:00 RawDeal 2 50,35,48,34,46,47,15,12,19
0006 00:00:00 Deal 3 H6D5DQS3H4C2D8HACA
0006 00:00:00 RawDeal 3 30,3,10,40,28,13,6,38,25
0006 00:00:00 Deal 4 DXD7HKH3SQC9S4C7H8
0006 00:00:00 RawDeal 4 8,5,37,27,49,20,41,18,32
0007 00:00:05 Divide 1 CKDJH9S8S7D6SAS5S2 1,3,4
0007 00:00:05 RawDivide 1 24,9,33,45,44,4,51,42,39 1,3,4
0008 00:00:05 Divide 3 CAS3C2DQD8D5HAH6H4 3,4,4
0008 00:00:05 RawDivide 3 25,40,13,10,6,3,38,30,28 3,4,4
0009 00:00:05 Divide 2 SKHJHXDAC8C4SJSXS9 1,1,5
0009 00:00:05 RawDivide 2 50,35,34,12,19,15,48,47,46 1,1,5
0010 00:00:05 Divide 0 CJCXC5HQH5H2DKD4D3 4,4,4
0010 00:00:05 RawDivide 0 22,21,16,36,29,26,11,2,1 4,4,4
0011 00:00:07 Divide 4 SQDXC9C7D7S4HKH8H3 1,2,4
0011 00:00:07 RawDivide 4 49,8,20,18,5,41,37,32,27 1,2,4
0011 00:00:07 ScoreDiff 0 15 1
0011 00:00:07 RawScoreDiff 0 15 1
0011 00:00:07 DepositDiff 0 686 60
0011 00:00:07 RawDepositDiff 0 686 60
0011 00:00:07 ScoreDiff 1 -19 1
0011 00:00:07 RawScoreDiff 1 -19 1
0011 00:00:07 DepositDiff 1 -1340 60
0011 00:00:07 RawDepositDiff 1 -1340 60
0011 00:00:07 ScoreDiff 2 18 1
0011 00:00:07 RawScoreDiff 2 18 1
0011 00:00:07 DepositDiff 2 863 60
0011 00:00:07 RawDepositDiff 2 863 60
0011 00:00:07 ScoreDiff 3 11 1
0011 00:00:07 RawScoreDiff 3 11 1
0011 00:00:07 DepositDiff 3 450 60
0011 00:00:07 RawDepositDiff 3 450 60
0011 00:00:07 ScoreDiff 4 -25 1
0011 00:00:07 RawScoreDiff 4 -25 1
0011 00:00:07 DepositDiff 4 -1660 60
0011 00:00:07 RawDepositDiff 4 -1660 60
Version 1.1
Timestamp 1757992770
RoomID 7979
TableNO 0
ChairNO 0 1030252 0 -1
ChairNO 1 1120188 1073741824 -1
ChairNO 2 1123549 1073741824 -1
ChairNO 3 1119374 1073741824 -1
ChairNO 4 1120233 1073741824 -1
Flags 15
Name 0 wuctest001
Sex 0 1
Win_Loss_StandOff 0 243 303 5
Name 1 ÎÂºÍ°×¾ÆP
Sex 1 1
Win_Loss_StandOff 1 26 29 0
Name 2 Íæ¼Ò1123549
Sex 2 1
Win_Loss_StandOff 2 22 28 1
Name 3 ½ôÕÅe°µÒ¹
Sex 3 1
Win_Loss_StandOff 3 28 17 0
Name 4 ÆäÄ©ÊÀ´ó°ÍÔú
Sex 4 0
Win_Loss_StandOff 4 26 22 0
0006 00:00:00 Deal 0 D2C3SAH7S3H5CQD3H8
0006 00:00:00 RawDeal 0 0,14,51,31,40,29,23,1,32
0006 00:00:00 Deal 1 S2SQD4H3CAHJD5D7C8
0006 00:00:00 RawDeal 1 39,49,2,27,25,35,3,5,19
0006 00:00:00 Deal 2 HQDQH2S7CXH9CJS5C9
0006 00:00:00 RawDeal 2 36,10,26,44,21,33,22,42,20
0006 00:00:00 Deal 3 HKS4SXC4H4D6HXC7C5
0006 00:00:00 RawDeal 3 37,41,47,15,28,4,34,18,16
0006 00:00:00 Deal 4 CKDKC6SKH6DJD9DXS8
0006 00:00:00 RawDeal 4 24,11,17,50,30,9,7,8,45
0007 00:00:03 Divide 0 SACQD2H8H7H5S3C3D3 1,4,6
0007 00:00:03 RawDivide 0 51,23,0,32,31,29,40,14,1 1,4,6
0008 00:00:04 Divide 1 SQHJC8CAH3S2D7D5D4 1,3,4
0008 00:00:04 RawDivide 1 49,35,19,25,27,39,5,3,2 1,3,4
0009 00:00:04 Divide 3 SXHXHKC7D6C5S4H4C4 2,3,6
0009 00:00:04 RawDivide 3 47,34,37,18,4,16,41,28,15 2,3,6
0010 00:00:06 Divide 4 H6C6S8DJDXD9SKCKDK 2,5,6
0010 00:00:06 RawDivide 4 30,17,45,9,8,7,50,24,11 2,5,6
0011 00:00:07 Divide 2 DQS7S5HQH9H2CJCXC9 1,4,5
0011 00:00:07 RawDivide 2 10,44,42,36,33,26,22,21,20 1,4,5
0011 00:00:07 ScoreDiff 0 -21 1
0011 00:00:07 RawScoreDiff 0 -21 1
0011 00:00:07 DepositDiff 0 -1460 60
0011 00:00:07 RawDepositDiff 0 -1460 60
0011 00:00:07 ScoreDiff 1 -31 1
0011 00:00:07 RawScoreDiff 1 -31 1
0011 00:00:07 DepositDiff 1 -1800 60
0011 00:00:07 RawDepositDiff 1 -1800 60
0011 00:00:07 ScoreDiff 2 -25 1
0011 00:00:07 RawScoreDiff 2 -25 1
0011 00:00:07 DepositDiff 2 -1700 60
0011 00:00:07 RawDepositDiff 2 -1700 60
0011 00:00:07 ScoreDiff 3 3 1
0011 00:00:07 RawScoreDiff 3 3 1
0011 00:00:07 DepositDiff 3 -31 60
0011 00:00:07 RawDepositDiff 3 -31 60
0011 00:00:07 ScoreDiff 4 74 1
0011 00:00:07 RawScoreDiff 4 74 1
0011 00:00:07 DepositDiff 4 3990 60
0011 00:00:07 RawDepositDiff 4 3990 60
Version 1.1
Timestamp 1758003938
RoomID 7979
TableNO 1
ChairNO 0 1124027 2240 -1
ChairNO 1 1120188 1073741824 -1
ChairNO 2 1119333 1073741824 -1
ChairNO 3 1124082 1073741824 -1
ChairNO 4 1124410 1073741824 -1
Flags 15
Name 0 Íæ¼Ò1124027
Sex 0 0
Win_Loss_StandOff 0 41 56 3
Name 1 ÎÂºÍ°×¾ÆP
Sex 1 1
Win_Loss_StandOff 1 26 30 0
Name 2 »ÆÉ«°ÍÈûÂÞÄÇP
Sex 2 0
Win_Loss_StandOff 2 24 31 0
Name 3 Íæ¼Ò1124082
Sex 3 0
Win_Loss_StandOff 3 19 17 2
Name 4 Íæ¼Ò1124410
Sex 4 0
Win_Loss_StandOff 4 33 33 1
0006 00:00:00 Deal 0 HJSXCQS6CKS9DJC6D7
0006 00:00:00 RawDeal 0 35,47,23,43,24,46,9,17,5
0006 00:00:00 Deal 1 DQC4H4HQD3S3H2SQC9
0006 00:00:00 RawDeal 1 10,15,28,36,1,40,26,49,20
0006 00:00:00 Deal 2 H7H8DXD4D9S7C2CJH5
0006 00:00:00 RawDeal 2 31,32,8,2,7,44,13,22,29
0006 00:00:00 Deal 3 S4C7SAS8SJHACXD6DK
0006 00:00:00 RawDeal 3 41,18,51,45,48,38,21,4,11
0006 00:00:00 Deal 4 DAHKS2H3C3H6C5C8H9
0006 00:00:00 RawDeal 4 12,37,39,27,14,30,16,19,33
0007 00:00:04 Divide 3 HADKCXS8C7D6SASJS4 1,3,4
0007 00:00:04 RawDivide 3 38,11,21,45,18,4,51,48,41 1,3,4
0008 00:00:04 Divide 4 DAH3S2C8C5C3HKH9H6 3,4,4
0008 00:00:04 RawDivide 4 12,27,39,19,16,14,37,33,30 3,4,4
0009 00:00:04 Divide 1 S3D3C9H4C4H2SQHQDQ 2,2,6
0009 00:00:04 RawDivide 1 40,1,20,28,15,26,49,36,10 2,2,6
0010 00:00:04 Divide 0 HJDJD7SXS9S6CKCQC6 2,4,4
0010 00:00:04 RawDivide 0 35,9,5,47,46,43,24,23,17 2,4,4
0011 00:00:05 Divide 2 CJS7C2H8H7H5DXD9D4 1,4,4
0011 00:00:05 RawDivide 2 22,44,13,32,31,29,8,7,2 1,4,4
0011 00:00:05 ScoreDiff 0 8 1
0011 00:00:05 RawScoreDiff 0 8 1
0011 00:00:05 DepositDiff 0 254 60
0011 00:00:05 RawDepositDiff 0 254 60
0011 00:00:05 ScoreDiff 1 32 1
0011 00:00:05 RawScoreDiff 1 32 1
0011 00:00:05 DepositDiff 1 1618 60
0011 00:00:05 RawDepositDiff 1 1618 60
0011 00:00:05 ScoreDiff 2 -24 1
0011 00:00:05 RawScoreDiff 2 -24 1
0011 00:00:05 DepositDiff 2 -1500 60
0011 00:00:05 RawDepositDiff 2 -1500 60
0011 00:00:05 ScoreDiff 3 -20 1
0011 00:00:05 RawScoreDiff 3 -20 1
0011 00:00:05 DepositDiff 3 -1400 60
0011 00:00:05 RawDepositDiff 3 -1400 60
0011 00:00:05 ScoreDiff 4 4 1
0011 00:00:05 RawScoreDiff 4 4 1
0011 00:00:05 DepositDiff 4 27 60
0011 00:00:05 RawDepositDiff 4 27 60
Version 1.1
Timestamp 1758003965
RoomID 7979
TableNO 0
ChairNO 0 1124027 2240 -1
ChairNO 1 1119374 1073741824 -1
ChairNO 2 1123549 1073741824 -1
ChairNO 3 1119842 1073741824 -1
ChairNO 4 1120233 1073741824 -1
Flags 15
Name 0 Íæ¼Ò1124027
Sex 0 0
Win_Loss_StandOff 0 42 56 3
Name 1 ½ôÕÅe°µÒ¹
Sex 1 1
Win_Loss_StandOff 1 29 17 0
Name 2 Íæ¼Ò1123549
Sex 2 1
Win_Loss_StandOff 2 22 29 1
Name 3 Æä¶ÀÇã
Sex 3 1
Win_Loss_StandOff 3 11 25 0
Name 4 ÆäÄ©ÊÀ´ó°ÍÔú
Sex 4 0
Win_Loss_StandOff 4 27 22 0
0006 00:00:00 Deal 0 DKSKD2H2H6DJSQD4CX
0006 00:00:00 RawDeal 0 11,50,0,26,30,9,49,2,21
0006 00:00:00 Deal 1 HKC2HAD6D8SJSAHXC3
0006 00:00:00 RawDeal 1 37,13,38,4,6,48,51,34,14
0006 00:00:00 Deal 2 S9DAC4H5S2H9C5S7S4
0006 00:00:00 RawDeal 2 46,12,15,29,39,33,16,44,41
0006 00:00:00 Deal 3 D7C6S6CQD3SXH8DXD9
0006 00:00:00 RawDeal 3 5,17,43,23,1,47,32,8,7
0006 00:00:00 Deal 4 H4S8S3C7CJHJH7D5CA
0006 00:00:00 RawDeal 4 28,45,40,18,22,35,31,3,25
0007 00:00:05 Divide 1 SJD8D6SAC3C2HAHKHX 1,3,4
0007 00:00:05 RawDivide 1 48,6,4,51,14,13,38,37,34 1,3,4
0008 00:00:06 Divide 3 S6C6CQSXD9H8DXD7D3 2,3,4
0008 00:00:06 RawDivide 3 43,17,23,47,7,32,8,5,1 2,3,4
0009 00:00:06 Divide 4 S8D5S3HJH7H4CACJC7 1,4,4
0009 00:00:06 RawDivide 4 45,3,40,35,31,28,25,22,18 1,4,4
0010 00:00:07 Divide 2 H5C5C4S9H9DAS7S4S2 2,2,4
0010 00:00:07 RawDivide 2 29,16,15,46,33,12,44,41,39 2,2,4
0011 00:00:23 Divide 0 SQCXH2SKDKH6DJD4D2 1,2,4
0011 00:00:23 RawDivide 0 49,21,26,50,11,30,9,2,0 1,2,4
0011 00:00:23 ScoreDiff 0 -14 1
0011 00:00:23 RawScoreDiff 0 -14 1
0011 00:00:23 DepositDiff 0 -1040 60
0011 00:00:23 RawDepositDiff 0 -1040 60
0011 00:00:23 ScoreDiff 1 10 1
0011 00:00:23 RawScoreDiff 1 10 1
0011 00:00:23 DepositDiff 1 400 60
0011 00:00:23 RawDepositDiff 1 400 60
0011 00:00:23 ScoreDiff 2 -18 1
0011 00:00:23 RawScoreDiff 2 -18 1
0011 00:00:23 DepositDiff 2 -1280 60
0011 00:00:23 RawDepositDiff 2 -1280 60
0011 00:00:23 ScoreDiff 3 12 1
0011 00:00:23 RawScoreDiff 3 12 1
0011 00:00:23 DepositDiff 3 520 60
0011 00:00:23 RawDepositDiff 3 520 60
0011 00:00:23 ScoreDiff 4 10 1
0011 00:00:23 RawScoreDiff 4 10 1
0011 00:00:23 DepositDiff 4 400 60
0011 00:00:23 RawDepositDiff 4 400 60
Version 1.1
Timestamp 1758004010
RoomID 7979
TableNO 1
ChairNO 0 1124027 2240 -1
ChairNO 1 1124410 1073741824 -1
ChairNO 2 1119699 1073741824 -1
ChairNO 3 1124082 1073741824 -1
ChairNO 4 1124393 1073741824 -1
Flags 15
Name 0 Íæ¼Ò1124027
Sex 0 0
Win_Loss_StandOff 0 42 57 3
Name 1 Íæ¼Ò1124410
Sex 1 0
Win_Loss_StandOff 1 34 33 1
Name 2 ÓµÓÐ777Ï¡º±
Sex 2 0
Win_Loss_StandOff 2 27 25 2
Name 3 Íæ¼Ò1124082
Sex 3 0
Win_Loss_StandOff 3 19 18 2
Name 4 Íæ¼Ò1124393
Sex 4 0
Win_Loss_StandOff 4 16 26 1
0006 00:00:00 Deal 0 H3D9CJHQCXD3H9H5D2
0006 00:00:00 RawDeal 0 27,7,22,36,21,1,33,29,0
0006 00:00:00 Deal 1 CAH2SQDAHJD4H6S6S7
0006 00:00:00 RawDeal 1 25,26,49,12,35,2,30,43,44
0006 00:00:00 Deal 2 SASKC6C7DQH8H7D8CQ
0006 00:00:00 RawDeal 2 51,50,17,18,10,32,31,6,23
0006 00:00:00 Deal 3 S4HXS2D5SJS5D6H4DX
0006 00:00:00 RawDeal 3 41,34,39,3,48,42,4,28,8
0006 00:00:00 Deal 4 CKC5HKS3C3C8S9D7C2
0006 00:00:00 RawDeal 4 24,16,37,40,14,19,46,5,13
0007 00:00:04 Divide 0 CJCXH9D9D3D2HQH5H3 3,4,4
0007 00:00:04 RawDivide 0 22,21,33,7,1,0,36,29,27 3,4,4
0008 00:00:05 Divide 3 S4H4HXDXD6D5SJS5S2 2,4,4
0008 00:00:05 RawDivide 3 41,28,34,8,4,3,48,42,39 2,4,4
0009 00:00:06 Divide 4 S3C3HKS9C8D7CKC5C2 2,3,4
0009 00:00:06 RawDivide 4 40,14,37,46,19,5,24,16,13 2,3,4
0010 00:00:07 Divide 1 CADAD4HJH6H2SQS7S6 2,4,4
0010 00:00:07 RawDivide 1 25,12,2,35,30,26,49,44,43 2,4,4
0011 00:00:07 Divide 2 H8D8H7SASKDQCQC7C6 2,3,4
0011 00:00:07 RawDivide 2 32,6,31,51,50,10,23,18,17 2,3,4
0011 00:00:07 ScoreDiff 0 10 1
0011 00:00:07 RawScoreDiff 0 10 1
0011 00:00:07 DepositDiff 0 400 60
0011 00:00:07 RawDepositDiff 0 400 60
0011 00:00:07 ScoreDiff 1 16 1
0011 00:00:07 RawScoreDiff 1 16 1
0011 00:00:07 DepositDiff 1 760 60
0011 00:00:07 RawDepositDiff 1 760 60
0011 00:00:07 ScoreDiff 2 -14 1
0011 00:00:07 RawScoreDiff 2 -14 1
0011 00:00:07 DepositDiff 2 -1040 60
0011 00:00:07 RawDepositDiff 2 -1040 60
0011 00:00:07 ScoreDiff 3 -16 1
0011 00:00:07 RawScoreDiff 3 -16 1
0011 00:00:07 DepositDiff 3 -1160 60
0011 00:00:07 RawDepositDiff 3 -1160 60
0011 00:00:07 ScoreDiff 4 4 1
0011 00:00:07 RawScoreDiff 4 4 1
0011 00:00:07 DepositDiff 4 40 60
0011 00:00:07 RawDepositDiff 4 40 60
Version 1.1
Timestamp 1758004068
RoomID 7979
TableNO 0
ChairNO 0 1124027 2240 -1
ChairNO 1 1119699 1073741824 -1
ChairNO 2 1119374 1073741824 -1
ChairNO 3 1119842 1073741824 -1
ChairNO 4 1124410 1073741824 -1
Flags 15
Name 0 Íæ¼Ò1124027
Sex 0 0
Win_Loss_StandOff 0 43 57 3
Name 1 ÓµÓÐ777Ï¡º±
Sex 1 0
Win_Loss_StandOff 1 27 26 2
Name 2 ½ôÕÅe°µÒ¹
Sex 2 1
Win_Loss_StandOff 2 30 17 0
Name 3 Æä¶ÀÇã
Sex 3 1
Win_Loss_StandOff 3 12 25 0
Name 4 Íæ¼Ò1124410
Sex 4 0
Win_Loss_StandOff 4 35 33 1
0006 00:00:00 Deal 0 H9C7S8HXS6C5S3HAS4
0006 00:00:00 RawDeal 0 33,18,45,34,43,16,40,38,41
0006 00:00:00 Deal 1 C4H7DAD6H6C3SKC2S2
0006 00:00:00 RawDeal 1 15,31,12,4,30,14,50,13,39
0006 00:00:00 Deal 2 HKD4S9DKD7SXC8H2H8
0006 00:00:00 RawDeal 2 37,2,46,11,5,47,19,26,32
0006 00:00:00 Deal 3 SJDJHJH4D3S7D9D5CK
0006 00:00:00 RawDeal 3 48,9,35,28,1,44,7,3,24
0006 00:00:00 Deal 4 SQDQH5HQH3CXSACAD8
0006 00:00:00 RawDeal 4 49,10,29,36,27,21,51,25,6
0007 00:00:04 Divide 0 C7S6C5S8S4S3HAHXH9 3,4,4
0007 00:00:04 RawDivide 0 18,43,16,45,41,40,38,34,33 3,4,4
0008 00:00:04 Divide 2 SXS9C8DKD7D4HKH8H2 3,4,4
0008 00:00:04 RawDivide 2 47,46,19,11,5,2,37,32,26 3,4,4
0009 00:00:04 Divide 3 CKS7H4D9D5D3SJHJDJ 1,4,6
0009 00:00:04 RawDivide 3 24,44,28,7,3,1,48,35,9 1,4,6
0010 00:00:05 Divide 1 DASKH7H6D6S2C4C3C2 1,2,5
0010 00:00:05 RawDivide 1 12,50,31,30,4,39,15,14,13 1,2,5
0011 00:00:07 Divide 4 SAD8H5CACXH3SQHQDQ 1,1,6
0011 00:00:07 RawDivide 4 51,6,29,25,21,27,49,36,10 1,1,6
0011 00:00:07 ScoreDiff 0 -18 1
0011 00:00:07 RawScoreDiff 0 -18 1
0011 00:00:07 DepositDiff 0 -1280 60
0011 00:00:07 RawDepositDiff 0 -1280 60
0011 00:00:07 ScoreDiff 1 -20 1
0011 00:00:07 RawScoreDiff 1 -20 1
0011 00:00:07 DepositDiff 1 -1400 60
0011 00:00:07 RawDepositDiff 1 -1400 60
0011 00:00:07 ScoreDiff 2 26 1
0011 00:00:07 RawScoreDiff 2 26 1
0011 00:00:07 DepositDiff 2 1360 60
0011 00:00:07 RawDepositDiff 2 1360 60
0011 00:00:07 ScoreDiff 3 -18 1
0011 00:00:07 RawScoreDiff 3 -18 1
0011 00:00:07 DepositDiff 3 -1280 60
0011 00:00:07 RawDepositDiff 3 -1280 60
0011 00:00:07 ScoreDiff 4 30 1
0011 00:00:07 RawScoreDiff 4 30 1
0011 00:00:07 DepositDiff 4 1600 60
0011 00:00:07 RawDepositDiff 4 1600 60
Version 1.1
Timestamp 1758004111
RoomID 7979
TableNO 1
ChairNO 0 1124027 2240 -1
ChairNO 1 1119699 1073741824 -1
ChairNO 2 1120188 1073741824 -1
ChairNO 3 1124393 1073741824 -1
ChairNO 4 1120233 1073741824 -1
Flags 15
Name 0 Íæ¼Ò1124027
Sex 0 0
Win_Loss_StandOff 0 43 58 3
Name 1 ÓµÓÐ777Ï¡º±
Sex 1 0
Win_Loss_StandOff 1 27 27 2
Name 2 ÎÂºÍ°×¾ÆP
Sex 2 1
Win_Loss_StandOff 2 27 30 0
Name 3 Íæ¼Ò1124393
Sex 3 0
Win_Loss_StandOff 3 17 26 1
Name 4 ÆäÄ©ÊÀ´ó°ÍÔú
Sex 4 0
Win_Loss_StandOff 4 28 22 0
0006 00:00:00 Deal 0 SKC6H7DKC4S8SQDQC2
0006 00:00:00 RawDeal 0 50,17,31,11,15,45,49,10,13
0006 00:00:00 Deal 1 H9HQHJDXSXS6CQC9C8
0006 00:00:00 RawDeal 1 33,36,35,8,47,43,23,20,19
0006 00:00:00 Deal 2 S5CAH2C5H4D5C3S7SJ
0006 00:00:00 RawDeal 2 42,25,26,16,28,3,14,44,48
0006 00:00:00 Deal 3 D8S3HKH8C7D2CXS4DJ
0006 00:00:00 RawDeal 3 6,40,37,32,18,0,21,41,9
0006 00:00:00 Deal 4 HXS2D3SAH5H6DAD9D4
0006 00:00:00 RawDeal 4 34,39,1,51,29,30,12,7,2
0007 00:00:03 Divide 4 SAD3S2HXH6H5DAD9D4 3,4,4
0007 00:00:03 RawDivide 4 51,1,39,34,30,29,12,7,2 3,4,4
0008 00:00:04 Divide 0 DKDQH7C6C4C2SKSQS8 1,4,4
0008 00:00:04 RawDivide 0 11,10,31,17,15,13,50,49,45 1,4,4
0009 00:00:04 Divide 1 SXDXS6CQC9C8HQHJH9 2,4,4
0009 00:00:04 RawDivide 1 47,8,43,23,20,19,36,35,33 2,4,4
0010 00:00:04 Divide 2 CASJS7H4C3H2S5C5D5 1,3,6
0010 00:00:04 RawDivide 2 25,48,44,28,14,26,42,16,3 1,3,6
0011 00:00:06 Divide 3 CXH8C7HKS4S3DJD8D2 1,1,4
0011 00:00:06 RawDivide 3 21,32,18,37,41,40,9,6,0 1,1,4
0011 00:00:06 ScoreDiff 0 -20 1
0011 00:00:06 RawScoreDiff 0 -20 1
0011 00:00:06 DepositDiff 0 -1400 60
0011 00:00:06 RawDepositDiff 0 -1400 60
0011 00:00:06 ScoreDiff 1 6 1
0011 00:00:06 RawScoreDiff 1 6 1
0011 00:00:06 DepositDiff 1 160 60
0011 00:00:06 RawDepositDiff 1 160 60
0011 00:00:06 ScoreDiff 2 34 1
0011 00:00:06 RawScoreDiff 2 34 1
0011 00:00:06 DepositDiff 2 1840 60
0011 00:00:06 RawDepositDiff 2 1840 60
0011 00:00:06 ScoreDiff 3 -30 1
0011 00:00:06 RawScoreDiff 3 -30 1
0011 00:00:06 DepositDiff 3 -2000 60
0011 00:00:06 RawDepositDiff 3 -2000 60
0011 00:00:06 ScoreDiff 4 10 1
0011 00:00:06 RawScoreDiff 4 10 1
0011 00:00:06 DepositDiff 4 400 60
0011 00:00:06 RawDepositDiff 4 400 60
Version 1.1
Timestamp 1758004147
RoomID 7979
TableNO 2
ChairNO 0 1124027 2240 -1
ChairNO 1 1120188 1073741824 -1
ChairNO 2 1119699 1073741824 -1
ChairNO 3 1119374 1073741824 -1
ChairNO 4 1124393 1073741824 -1
Flags 15
Name 0 Íæ¼Ò1124027
Sex 0 0
Win_Loss_StandOff 0 43 59 3
Name 1 ÎÂºÍ°×¾ÆP
Sex 1 1
Win_Loss_StandOff 1 28 30 0
Name 2 ÓµÓÐ777Ï¡º±
Sex 2 0
Win_Loss_StandOff 2 28 27 2
Name 3 ½ôÕÅe°µÒ¹
Sex 3 1
Win_Loss_StandOff 3 31 17 0
Name 4 Íæ¼Ò1124393
Sex 4 0
Win_Loss_StandOff 4 17 27 1
0006 00:00:00 Deal 0 H4C2SJSQCJDKC7D5HK
0006 00:00:00 RawDeal 0 28,13,48,49,22,11,18,3,37
0006 00:00:00 Deal 1 D2HAHQH7H2D9S8H6CK
0006 00:00:00 RawDeal 1 0,38,36,31,26,7,45,30,24
0006 00:00:00 Deal 2 C6HJS2CACQD4S5S9DQ
0006 00:00:00 RawDeal 2 17,35,39,25,23,2,42,46,10
0006 00:00:00 Deal 3 H3D7SXS7S4DXS6SKC5
0006 00:00:00 RawDeal 3 27,5,47,44,41,8,43,50,16
0006 00:00:00 Deal 4 S3D6C8SAD3H9C9HXDJ
0006 00:00:00 RawDeal 4 40,4,19,51,1,33,20,34,9
0007 00:00:04 Divide 0 DKD5H4HKSQSJCJC7C2 1,3,4
0007 00:00:04 RawDivide 0 11,3,28,37,49,48,22,18,13 1,3,4
0008 00:00:05 Divide 2 DQHJD4S9S5S2CACQC6 1,4,4
0008 00:00:05 RawDivide 2 10,35,2,46,42,39,25,23,17 1,4,4
0009 00:00:06 Divide 3 SXDXH3D7S6C5SKS7S4 2,3,4
0009 00:00:06 RawDivide 3 47,8,27,5,43,16,50,44,41 2,3,4
0010 00:00:07 Divide 4 SAHXC8H9C9S3DJD6D3 1,2,4
0010 00:00:07 RawDivide 4 51,34,19,33,20,40,9,4,1 1,2,4
0011 00:00:07 Divide 1 H2D2CKD9S8H7HAHQH6 2,3,4
0011 00:00:07 RawDivide 1 26,0,24,7,45,31,38,36,30 2,3,4
0011 00:00:07 ScoreDiff 0 -14 1
0011 00:00:07 RawScoreDiff 0 -14 1
0011 00:00:07 DepositDiff 0 -1040 60
0011 00:00:07 RawDepositDiff 0 -1040 60
0011 00:00:07 ScoreDiff 1 14 1
0011 00:00:07 RawScoreDiff 1 14 1
0011 00:00:07 DepositDiff 1 640 60
0011 00:00:07 RawDepositDiff 1 640 60
0011 00:00:07 ScoreDiff 2 10 1
0011 00:00:07 RawScoreDiff 2 10 1
0011 00:00:07 DepositDiff 2 400 60
0011 00:00:07 RawDepositDiff 2 400 60
0011 00:00:07 ScoreDiff 3 10 1
0011 00:00:07 RawScoreDiff 3 10 1
0011 00:00:07 DepositDiff 3 400 60
0011 00:00:07 RawDepositDiff 3 400 60
0011 00:00:07 ScoreDiff 4 -20 1
0011 00:00:07 RawScoreDiff 4 -20 1
0011 00:00:07 DepositDiff 4 -1400 60
0011 00:00:07 RawDepositDiff 4 -1400 60
Version 1.1
Timestamp 1758004216
RoomID 7979
TableNO 1
ChairNO 0 1124027 2240 -1
ChairNO 1 1119333 1073741824 -1
ChairNO 2 1120188 1073741824 -1
ChairNO 3 1119699 1073741824 -1
ChairNO 4 1124410 1073741824 -1
Flags 15
Name 0 Íæ¼Ò1124027
Sex 0 0
Win_Loss_StandOff 0 43 60 3
Name 1 »ÆÉ«°ÍÈûÂÞÄÇP
Sex 1 0
Win_Loss_StandOff 1 24 32 0
Name 2 ÎÂºÍ°×¾ÆP
Sex 2 1
Win_Loss_StandOff 2 29 30 0
Name 3 ÓµÓÐ777Ï¡º±
Sex 3 0
Win_Loss_StandOff 3 29 27 2
Name 4 Íæ¼Ò1124410
Sex 4 0
Win_Loss_StandOff 4 36 33 1
0006 00:00:00 Deal 0 S6D4C2CXC6CJHJDXH2
0006 00:00:00 RawDeal 0 43,2,13,21,17,22,35,8,26
0006 00:00:00 Deal 1 H9D3D2D7S2HKSKS4C9
0006 00:00:00 RawDeal 1 33,1,0,5,39,37,50,41,20
0006 00:00:00 Deal 2 H5H7C4S8DAC8D5SJS7
0006 00:00:00 RawDeal 2 29,31,15,45,12,19,3,48,44
0006 00:00:00 Deal 3 CASXCKS5H6HXD6H3S3
0006 00:00:00 RawDeal 3 25,47,24,42,30,34,4,27,40
0006 00:00:00 Deal 4 DJC7C3CQC5HQS9SQDK
0006 00:00:00 RawDeal 4 9,18,14,23,16,36,46,49,11
0007 00:00:03 Divide 1 H9C9HKD7D3D2SKS4S2 2,4,4
0007 00:00:03 RawDivide 1 33,20,37,5,1,0,50,41,39 2,4,4
0008 00:00:08 Divide 4 DKDJS9C7C5C3SQHQCQ 1,4,6
0008 00:00:08 RawDivide 4 11,9,46,18,16,14,49,36,23 1,4,6
0009 00:00:08 Divide 2 DAC8H7H5D5C4SJS8S7 1,2,4
0009 00:00:08 RawDivide 2 12,19,31,29,3,15,48,45,44 1,2,4
0010 00:00:08 Divide 3 CACKD6SXS5S3HXH6H3 1,4,4
0010 00:00:08 RawDivide 3 25,24,4,47,42,40,34,30,27 1,4,4
0011 00:00:30 GiveUp 0
0011 00:00:30 RawGiveUp 0
0011 00:00:30 ScoreDiff 0 -24 1
0011 00:00:30 RawScoreDiff 0 -24 1
0011 00:00:30 DepositDiff 0 -1640 60
0011 00:00:30 RawDepositDiff 0 -1640 60
0011 00:00:30 ScoreDiff 1 8 1
0011 00:00:30 RawScoreDiff 1 8 1
0011 00:00:30 DepositDiff 1 280 60
0011 00:00:30 RawDepositDiff 1 280 60
0011 00:00:30 ScoreDiff 2 -20 1
0011 00:00:30 RawScoreDiff 2 -20 1
0011 00:00:30 DepositDiff 2 -1400 60
0011 00:00:30 RawDepositDiff 2 -1400 60
0011 00:00:30 ScoreDiff 3 6 1
0011 00:00:30 RawScoreDiff 3 6 1
0011 00:00:30 DepositDiff 3 160 60
0011 00:00:30 RawDepositDiff 3 160 60
0011 00:00:30 ScoreDiff 4 30 1
0011 00:00:30 RawScoreDiff 4 30 1
0011 00:00:30 DepositDiff 4 1600 60
0011 00:00:30 RawDepositDiff 4 1600 60
Version 1.1
Timestamp 1758011111
RoomID 7979
TableNO 1
ChairNO 0 1124027 2240 -1
ChairNO 1 1120233 1073741824 -1
ChairNO 2 1124410 1073741824 -1
ChairNO 3 1124082 1073741824 -1
ChairNO 4 1123549 1073741824 -1
Flags 15
Name 0 Íæ¼Ò1124027
Sex 0 0
Win_Loss_StandOff 0 43 64 3
Name 1 ÆäÄ©ÊÀ´ó°ÍÔú
Sex 1 0
Win_Loss_StandOff 1 29 22 0
Name 2 Íæ¼Ò1124410
Sex 2 0
Win_Loss_StandOff 2 37 33 1
Name 3 Íæ¼Ò1124082
Sex 3 0
Win_Loss_StandOff 3 19 19 2
Name 4 Íæ¼Ò1123549
Sex 4 1
Win_Loss_StandOff 4 22 30 1
0006 00:00:00 Deal 0 D2S2S9H5D7D5H7HQD4
0006 00:00:00 RawDeal 0 0,39,46,29,5,3,31,36,2
0006 00:00:00 Deal 1 C6HJD8CAS6D3SAS5HK
0006 00:00:00 RawDeal 1 17,35,6,25,43,1,51,42,37
0006 00:00:00 Deal 2 C3SXS3CKH2CJS8C8C2
0006 00:00:00 RawDeal 2 14,47,40,24,26,22,45,19,13
0006 00:00:00 Deal 3 DXH9C9SJS7SKDAC7D9
0006 00:00:00 RawDeal 3 8,33,20,48,44,50,12,18,7
0006 00:00:00 Deal 4 H8D6HAH4C4CXH6S4DJ
0006 00:00:00 RawDeal 4 32,4,38,28,15,21,30,41,9
0007 00:00:05 Divide 1 HKHJD8CAC6D3SAS6S5 1,1,4
0007 00:00:05 RawDivide 1 37,35,6,25,17,1,51,43,42 1,1,4
0008 00:00:05 Divide 0 S9S2D2D7D5D4HQH7H5 2,4,4
0008 00:00:05 RawDivide 0 46,39,0,5,3,2,36,31,29 2,4,4
0009 00:00:06 Divide 2 H2C2C8SXS8S3CKCJC3 2,4,4
0009 00:00:06 RawDivide 2 26,13,19,47,45,40,24,22,14 2,4,4
0010 00:00:06 Divide 3 DADXC7SKSJS7H9C9D9 1,4,6
0010 00:00:06 RawDivide 3 12,8,18,50,48,44,33,20,7 1,4,6
0011 00:00:07 Divide 4 DJCXD6HAH8H6S4H4C4 1,4,6
0011 00:00:07 RawDivide 4 9,21,4,38,32,30,41,28,15 1,4,6
0011 00:00:07 ScoreDiff 0 0 1
0011 00:00:07 RawScoreDiff 0 0 1
0011 00:00:07 DepositDiff 0 -200 60
0011 00:00:07 RawDepositDiff 0 -200 60
0011 00:00:07 ScoreDiff 1 -24 1
0011 00:00:07 RawScoreDiff 1 -24 1
0011 00:00:07 DepositDiff 1 -1640 60
0011 00:00:07 RawDepositDiff 1 -1640 60
0011 00:00:07 ScoreDiff 2 -18 1
0011 00:00:07 RawScoreDiff 2 -18 1
0011 00:00:07 DepositDiff 2 -1280 60
0011 00:00:07 RawDepositDiff 2 -1280 60
0011 00:00:07 ScoreDiff 3 38 1
0011 00:00:07 RawScoreDiff 3 38 1
0011 00:00:07 DepositDiff 3 2080 60
0011 00:00:07 RawDepositDiff 3 2080 60
0011 00:00:07 ScoreDiff 4 4 1
0011 00:00:07 RawScoreDiff 4 4 1
0011 00:00:07 DepositDiff 4 40 60
0011 00:00:07 RawDepositDiff 4 40 60
Version 1.1
Timestamp 1758011155
RoomID 7979
TableNO 1
ChairNO 0 1124027 2240 -1
ChairNO 1 1124410 1073741824 -1
ChairNO 2 1119374 1073741824 -1
ChairNO 3 1124393 1073741824 -1
ChairNO 4 1119842 1073741824 -1
Flags 15
Name 0 Íæ¼Ò1124027
Sex 0 0
Win_Loss_StandOff 0 43 64 4
Name 1 Íæ¼Ò1124410
Sex 1 0
Win_Loss_StandOff 1 37 34 1
Name 2 ½ôÕÅe°µÒ¹
Sex 2 1
Win_Loss_StandOff 2 32 17 0
Name 3 Íæ¼Ò1124393
Sex 3 0
Win_Loss_StandOff 3 17 28 1
Name 4 Æä¶ÀÇã
Sex 4 1
Win_Loss_StandOff 4 12 26 0
0006 00:00:00 Deal 0 S7C2D9C4DKD4D7S8C8
0006 00:00:00 RawDeal 0 44,13,7,15,11,2,5,45,19
0006 00:00:00 Deal 1 CJD6S4C7H3C9DXC3H4
0006 00:00:00 RawDeal 1 22,4,41,18,27,20,8,14,28
0006 00:00:00 Deal 2 C6C5CXSJH9SXH7S3D3
0006 00:00:00 RawDeal 2 17,16,21,48,33,47,31,40,1
0006 00:00:00 Deal 3 S2H6S5DJH2HXS6DQSK
0006 00:00:00 RawDeal 3 39,30,42,9,26,34,43,10,50
0006 00:00:00 Deal 4 D5HJD8CQHKH5SAD2CA
0006 00:00:00 RawDeal 4 3,35,6,23,37,29,51,0,25
0007 00:00:04 Divide 0 D9S8S7C8C4C2DKD7D4 3,4,4
0007 00:00:04 RawDivide 0 7,45,44,19,15,13,11,5,2 3,4,4
0008 00:00:05 Divide 3 SKDQDJS6S5S2HXH6H2 3,4,4
0008 00:00:05 RawDivide 3 50,10,9,43,42,39,34,30,26 3,4,4
0009 00:00:05 Divide 4 SACACQD8D5D2HKHJH5 2,4,4
0009 00:00:05 RawDivide 4 51,25,23,6,3,0,37,35,29 2,4,4
0010 00:00:07 Divide 2 H9H7D3CXC6C5SJSXS3 1,4,4
0010 00:00:07 RawDivide 2 33,31,1,21,17,16,48,47,40 1,4,4
0011 00:00:07 Divide 1 H3C3DXS4H4D6CJC9C7 2,2,4
0011 00:00:07 RawDivide 1 27,14,8,41,28,4,22,20,18 2,2,4
0011 00:00:07 ScoreDiff 0 -8 1
0011 00:00:07 RawScoreDiff 0 -8 1
0011 00:00:07 DepositDiff 0 -680 60
0011 00:00:07 RawDepositDiff 0 -680 60
0011 00:00:07 ScoreDiff 1 -20 1
0011 00:00:07 RawScoreDiff 1 -20 1
0011 00:00:07 DepositDiff 1 -1400 60
0011 00:00:07 RawDepositDiff 1 -1400 60
0011 00:00:07 ScoreDiff 2 8 1
0011 00:00:07 RawScoreDiff 2 8 1
0011 00:00:07 DepositDiff 2 280 60
0011 00:00:07 RawDepositDiff 2 280 60
0011 00:00:07 ScoreDiff 3 6 1
0011 00:00:07 RawScoreDiff 3 6 1
0011 00:00:07 DepositDiff 3 160 60
0011 00:00:07 RawDepositDiff 3 160 60
0011 00:00:07 ScoreDiff 4 14 1
0011 00:00:07 RawScoreDiff 4 14 1
0011 00:00:07 DepositDiff 4 640 60
0011 00:00:07 RawDepositDiff 4 640 60
Version 1.1
Timestamp 1758012548
RoomID 7979
TableNO 2
ChairNO 0 1124474 2240 -1
ChairNO 1 1123549 1073741824 -1
ChairNO 2 1120233 1073741824 -1
ChairNO 3 1120188 1073741824 -1
ChairNO 4 1124393 1073741824 -1
Flags 15
Name 0 Íæ¼Ò1124474
Sex 0 1
Win_Loss_StandOff 0 3 1 0
Name 1 Íæ¼Ò1123549
Sex 1 1
Win_Loss_StandOff 1 23 30 1
Name 2 ÆäÄ©ÊÀ´ó°ÍÔú
Sex 2 0
Win_Loss_StandOff 2 29 23 0
Name 3 ÎÂºÍ°×¾ÆP
Sex 3 1
Win_Loss_StandOff 3 29 31 0
Name 4 Íæ¼Ò1124393
Sex 4 0
Win_Loss_StandOff 4 18 28 1
0006 00:00:00 Deal 0 C5HJH7HKC2H2D9C9H8
0006 00:00:00 RawDeal 0 16,35,31,37,13,26,7,20,32
0006 00:00:00 Deal 1 D3D4S9H3CJS2HQSACQ
0006 00:00:00 RawDeal 1 1,2,46,27,22,39,36,51,23
0006 00:00:00 Deal 2 S3HACXDXC7C3S7DQD8
0006 00:00:00 RawDeal 2 40,38,21,8,18,14,44,10,6
0006 00:00:00 Deal 3 SXSKS5C8H6HXH5H4CK
0006 00:00:00 RawDeal 3 47,50,42,19,30,34,29,28,24
0006 00:00:00 Deal 4 DAC6D5S8DJSJS6CAD6
0006 00:00:00 RawDeal 4 12,17,3,45,9,48,43,25,4
0007 00:00:04 Divide 4 CASJS8DADJD5S6C6D6 1,4,6
0007 00:00:04 RawDivide 4 25,48,45,12,9,3,43,17,4 1,4,6
0008 00:00:06 Divide 3 CKHXC8SKSXS5H6H5H4 1,4,5
0008 00:00:06 RawDivide 3 24,34,19,50,47,42,30,29,28 1,4,5
0009 00:00:06 Divide 2 HAS7S3CXC7C3DQDXD8 1,4,4
0009 00:00:06 RawDivide 2 38,44,40,21,18,14,10,8,6 1,4,4
0010 00:00:08 Divide 1 H3D3CJHQCQD4SAS9S2 2,2,4
0010 00:00:08 RawDivide 1 27,1,22,36,23,2,51,46,39 2,2,4
0011 00:00:29 GiveUp 0
0011 00:00:29 RawGiveUp 0
0011 00:00:29 ScoreDiff 0 -24 1
0011 00:00:29 RawScoreDiff 0 -24 1
0011 00:00:29 DepositDiff 0 -1640 60
0011 00:00:29 RawDepositDiff 0 -1640 60
0011 00:00:29 ScoreDiff 1 4 1
0011 00:00:29 RawScoreDiff 1 4 1
0011 00:00:29 DepositDiff 1 40 60
0011 00:00:29 RawDepositDiff 1 40 60
0011 00:00:29 ScoreDiff 2 -20 1
0011 00:00:29 RawScoreDiff 2 -20 1
0011 00:00:29 DepositDiff 2 -1400 60
0011 00:00:29 RawDepositDiff 2 -1400 60
0011 00:00:29 ScoreDiff 3 -16 1
0011 00:00:29 RawScoreDiff 3 -16 1
0011 00:00:29 DepositDiff 3 -1160 60
0011 00:00:29 RawDepositDiff 3 -1160 60
0011 00:00:29 ScoreDiff 4 56 1
0011 00:00:29 RawScoreDiff 4 56 1
0011 00:00:29 DepositDiff 4 3160 60
0011 00:00:29 RawDepositDiff 4 3160 60
Version 1.1
Timestamp 1758012663
RoomID 7979
TableNO 2
ChairNO 0 1113482 2048 -1
ChairNO 1 1124082 1073741824 -1
ChairNO 2 1119333 1073741824 -1
ChairNO 3 1119842 1073741824 -1
ChairNO 4 1119374 1073741824 -1
Flags 15
Name 0 LF09
Sex 0 0
Win_Loss_StandOff 0 9 15 2
Name 1 Íæ¼Ò1124082
Sex 1 0
Win_Loss_StandOff 1 20 19 2
Name 2 »ÆÉ«°ÍÈûÂÞÄÇP
Sex 2 0
Win_Loss_StandOff 2 25 32 0
Name 3 Æä¶ÀÇã
Sex 3 1
Win_Loss_StandOff 3 13 26 0
Name 4 ½ôÕÅe°µÒ¹
Sex 4 1
Win_Loss_StandOff 4 33 17 0
0006 00:00:00 Deal 0 C5H3CJHQCQS8CKHKH6
0006 00:00:00 RawDeal 0 16,27,22,36,23,45,24,37,30
0006 00:00:00 Deal 1 S4H2S2S5C9S7D4D6D8
0006 00:00:00 RawDeal 1 41,26,39,42,20,44,2,4,6
0006 00:00:00 Deal 2 DJDKHADAC4HJH4SQH5
0006 00:00:00 RawDeal 2 9,11,38,12,15,35,28,49,29
0006 00:00:00 Deal 3 S6DQHXD2C2C6D7C8S3
0006 00:00:00 RawDeal 3 43,10,34,0,13,17,5,19,40
0006 00:00:00 Deal 4 CAD3SXCXSJH7DXC3SK
0006 00:00:00 RawDeal 4 25,1,47,21,48,31,8,14,50
0007 00:00:05 Divide 0 HQS8C5HKH6H3CKCQCJ 1,4,5
0007 00:00:05 RawDivide 0 36,45,16,37,30,27,24,23,22 1,4,5
0008 00:00:05 Divide 4 CASKSJC3D3H7SXCXDX 1,2,6
0008 00:00:05 RawDivide 4 25,50,48,14,1,31,47,21,8 1,2,6
0009 00:00:06 Divide 1 S2H2C9S7S5S4D8D6D4 2,4,4
0009 00:00:06 RawDivide 1 39,26,20,44,42,41,6,4,2 2,4,4
0010 00:00:07 Divide 3 HXS6S3C8C6C2DQD7D2 1,4,4
0010 00:00:07 RawDivide 3 34,43,40,19,17,13,10,5,0 1,4,4
0011 00:00:07 Divide 2 H4C4SQHAHJH5DADKDJ 2,4,4
0011 00:00:07 RawDivide 2 28,15,49,38,35,29,12,11,9 2,4,4
0011 00:00:07 ScoreDiff 0 -16 1
0011 00:00:07 RawScoreDiff 0 -16 1
0011 00:00:07 DepositDiff 0 -1160 60
0011 00:00:07 RawDepositDiff 0 -1160 60
0011 00:00:07 ScoreDiff 1 -22 1
0011 00:00:07 RawScoreDiff 1 -22 1
0011 00:00:07 DepositDiff 1 -1520 60
0011 00:00:07 RawDepositDiff 1 -1520 60
0011 00:00:07 ScoreDiff 2 30 1
0011 00:00:07 RawScoreDiff 2 30 1
0011 00:00:07 DepositDiff 2 1600 60
0011 00:00:07 RawDepositDiff 2 1600 60
0011 00:00:07 ScoreDiff 3 -24 1
0011 00:00:07 RawScoreDiff 3 -24 1
0011 00:00:07 DepositDiff 3 -1640 60
0011 00:00:07 RawDepositDiff 3 -1640 60
0011 00:00:07 ScoreDiff 4 32 1
0011 00:00:07 RawScoreDiff 4 32 1
0011 00:00:07 DepositDiff 4 1720 60
0011 00:00:07 RawDepositDiff 4 1720 60
Version 1.1
Timestamp 1758012690
RoomID 7979
TableNO 2
ChairNO 0 1124474 2240 -1
ChairNO 1 1113483 2048 -1
ChairNO 2 1119333 1073741824 -1
ChairNO 3 1124410 1073741824 -1
ChairNO 4 1119699 1073741824 -1
Flags 15
Name 0 Íæ¼Ò1124474
Sex 0 1
Win_Loss_StandOff 0 3 2 0
Name 1 LF10
Sex 1 0
Win_Loss_StandOff 1 11 14 2
Name 2 »ÆÉ«°ÍÈûÂÞÄÇP
Sex 2 0
Win_Loss_StandOff 2 26 32 0
Name 3 Íæ¼Ò1124410
Sex 3 0
Win_Loss_StandOff 3 37 35 1
Name 4 ÓµÓÐ777Ï¡º±
Sex 4 0
Win_Loss_StandOff 4 30 27 2
0006 00:00:01 Deal 0 S6DAC8CAH8DKHQD9C3
0006 00:00:01 RawDeal 0 43,12,19,25,32,11,36,7,14
0006 00:00:01 Deal 1 HKHJC4C9S8D2SKH2SX
0006 00:00:01 RawDeal 1 37,35,15,20,45,0,50,26,47
0006 00:00:01 Deal 2 DXS9H9SJD6C6S4SAH3
0006 00:00:01 RawDeal 2 8,46,33,48,4,17,41,51,27
0006 00:00:01 Deal 3 D3C5S2HAH6S7DQD5HX
0006 00:00:01 RawDeal 3 1,16,39,38,30,44,10,3,34
0006 00:00:01 Deal 4 CXC7CQC2S5DJH7D4CJ
0006 00:00:01 RawDeal 4 21,18,23,13,42,9,31,2,22
0007 00:00:07 Divide 4 DJS5D4H7C7C2CQCJCX 1,2,5
0007 00:00:07 RawDivide 4 9,42,2,31,18,13,23,22,21 1,2,5
0008 00:00:08 Divide 2 C6D6H3SJDXH9SAS9S4 2,3,4
0008 00:00:08 RawDivide 2 17,4,27,48,8,33,51,46,41 2,3,4
0009 00:00:08 Divide 3 S7C5S2DQD5D3HAHXH6 1,4,4
0009 00:00:08 RawDivide 3 44,16,39,10,3,1,38,34,30 1,4,4
0010 00:00:10 Divide 1 C9C4D2SKSXS8HKHJH2 1,4,4
0010 00:00:10 RawDivide 1 20,15,0,50,47,45,37,35,26 1,4,4
0011 00:00:18 Divide 0 HQH8S6CAC8C3DADKD9 1,4,4
0011 00:00:18 RawDivide 0 36,32,43,25,19,14,12,11,7 1,4,4
0011 00:00:18 ScoreDiff 0 13 1
0011 00:00:18 RawScoreDiff 0 13 1
0011 00:00:18 DepositDiff 0 580 60
0011 00:00:18 RawDepositDiff 0 580 60
0011 00:00:18 ScoreDiff 1 -19 1
0011 00:00:18 RawScoreDiff 1 -19 1
0011 00:00:18 DepositDiff 1 -1340 60
0011 00:00:18 RawDepositDiff 1 -1340 60
0011 00:00:18 ScoreDiff 2 5 1
0011 00:00:18 RawScoreDiff 2 5 1
0011 00:00:18 DepositDiff 2 100 60
0011 00:00:18 RawDepositDiff 2 100 60
0011 00:00:18 ScoreDiff 3 -19 1
0011 00:00:18 RawScoreDiff 3 -19 1
0011 00:00:18 DepositDiff 3 -1340 60
0011 00:00:18 RawDepositDiff 3 -1340 60
0011 00:00:18 ScoreDiff 4 20 1
0011 00:00:18 RawScoreDiff 4 20 1
0011 00:00:18 DepositDiff 4 1000 60
0011 00:00:18 RawDepositDiff 4 1000 60
Version 1.1
Timestamp 1758012715
RoomID 7979
TableNO 3
ChairNO 0 1113480 2048 -1
ChairNO 1 1113481 2048 -1
ChairNO 2 1124393 1073741824 -1
ChairNO 3 1124082 1073741824 -1
ChairNO 4 1120188 1073741824 -1
Flags 15
Name 0 LF07
Sex 0 1
Win_Loss_StandOff 0 2 3 0
Name 1 LF08
Sex 1 0
Win_Loss_StandOff 1 3 2 0
Name 2 Íæ¼Ò1124393
Sex 2 0
Win_Loss_StandOff 2 19 28 1
Name 3 Íæ¼Ò1124082
Sex 3 0
Win_Loss_StandOff 3 20 20 2
Name 4 ÎÂºÍ°×¾ÆP
Sex 4 1
Win_Loss_StandOff 4 29 32 0
0006 00:00:00 Deal 0 S5C2HJH9D5CKH7H8SQ
0006 00:00:00 RawDeal 0 42,13,35,33,3,24,31,32,49
0006 00:00:00 Deal 1 HAHQH5C3H2CXS2D7C6
0006 00:00:00 RawDeal 1 38,36,29,14,26,21,39,5,17
0006 00:00:00 Deal 2 C7D2D4DQH3H6S9DAHX
0006 00:00:00 RawDeal 2 18,0,2,10,27,30,46,12,34
0006 00:00:00 Deal 3 SJC4S3CQD9S8H4D3DJ
0006 00:00:00 RawDeal 3 48,15,40,23,7,45,28,1,9
0006 00:00:00 Deal 4 D8DKDXSKS4C8S6SXSA
0006 00:00:00 RawDeal 4 6,11,8,50,41,19,43,47,51
0007 00:00:05 Divide 2 DQS9C7HXH6H3DAD4D2 1,4,4
0007 00:00:05 RawDivide 2 10,46,18,34,30,27,12,2,0 1,4,4
0008 00:00:05 Divide 3 H4C4CQSJS8S3DJD9D3 2,4,4
0008 00:00:05 RawDivide 3 28,15,23,48,45,40,9,7,1 2,4,4
0009 00:00:07 Divide 4 SKSXC8DKDXD8SAS6S4 1,4,4
0009 00:00:07 RawDivide 4 50,47,19,11,8,6,51,43,41 1,4,4
0010 00:00:10 Divide 0 S5D5C2CKSQHJH9H8H7 2,3,5
0010 00:00:10 RawDivide 0 42,3,13,24,49,35,33,32,31 2,3,5
0011 00:00:14 Divide 1 D7H2S2CXC6C3HAHQH5 2,4,4
0011 00:00:14 RawDivide 1 5,26,39,21,17,14,38,36,29 2,4,4
0011 00:00:14 ScoreDiff 0 44 1
0011 00:00:14 RawScoreDiff 0 44 1
0011 00:00:14 DepositDiff 0 2440 60
0011 00:00:14 RawDepositDiff 0 2440 60
0011 00:00:14 ScoreDiff 1 -15 1
0011 00:00:14 RawScoreDiff 1 -15 1
0011 00:00:14 DepositDiff 1 -1100 60
0011 00:00:14 RawDepositDiff 1 -1100 60
0011 00:00:14 ScoreDiff 2 -21 1
0011 00:00:14 RawScoreDiff 2 -21 1
0011 00:00:14 DepositDiff 2 -1460 60
0011 00:00:14 RawDepositDiff 2 -1460 60
0011 00:00:14 ScoreDiff 3 -15 1
0011 00:00:14 RawScoreDiff 3 -15 1
0011 00:00:14 DepositDiff 3 -1100 60
0011 00:00:14 RawDepositDiff 3 -1100 60
0011 00:00:14 ScoreDiff 4 7 1
0011 00:00:14 RawScoreDiff 4 7 1
0011 00:00:14 DepositDiff 4 220 60
0011 00:00:14 RawDepositDiff 4 220 60
Version 1.1
Timestamp 1758012925
RoomID 7979
TableNO 2
ChairNO 0 1124027 2240 -1
ChairNO 1 1120188 1073741824 -1
ChairNO 2 1123549 1073741824 -1
ChairNO 3 1119333 1073741824 -1
ChairNO 4 1120233 1073741824 -1
Flags 15
Name 0 Íæ¼Ò1124027
Sex 0 0
Win_Loss_StandOff 0 43 65 4
Name 1 ÎÂºÍ°×¾ÆP
Sex 1 1
Win_Loss_StandOff 1 30 32 0
Name 2 Íæ¼Ò1123549
Sex 2 1
Win_Loss_StandOff 2 24 30 1
Name 3 »ÆÉ«°ÍÈûÂÞÄÇP
Sex 3 0
Win_Loss_StandOff 3 27 32 0
Name 4 ÆäÄ©ÊÀ´ó°ÍÔú
Sex 4 0
Win_Loss_StandOff 4 29 24 0
0006 00:00:00 Deal 0 S8HJC6D6D7C7H9SKD4
0006 00:00:00 RawDeal 0 45,35,17,4,5,18,33,50,2
0006 00:00:00 Deal 1 C5D2CQH3H2C2H7SXH8
0006 00:00:00 RawDeal 1 16,0,23,27,26,13,31,47,32
0006 00:00:00 Deal 2 H5HXC3S7DKD8DXSQHK
0006 00:00:00 RawDeal 2 29,34,14,44,11,6,8,49,37
0006 00:00:00 Deal 3 C9C4S4S2SJS5DJCJHA
0006 00:00:00 RawDeal 3 20,15,41,39,48,42,9,22,38
0006 00:00:00 Deal 4 D9D5S6CAS9CKC8S3DA
0006 00:00:00 RawDeal 4 7,3,43,25,46,24,19,40,12
0007 00:00:05 Divide 0 SKHJC6H9S8C7D7D6D4 1,3,4
0007 00:00:05 RawDivide 0 50,35,17,33,45,18,5,4,2 1,3,4
0008 00:00:05 Divide 3 HAC9C4S5S4S2SJCJDJ 1,4,6
0008 00:00:05 RawDivide 3 38,20,15,42,41,39,48,22,9 1,4,6
0009 00:00:06 Divide 1 CQSXC5H8H7H3H2C2D2 1,4,6
0009 00:00:06 RawDivide 1 23,47,16,32,31,27,26,13,0 1,4,6
0010 00:00:07 Divide 4 S9S6S3DAD9D5CACKC8 4,4,4
0010 00:00:07 RawDivide 4 46,43,40,12,7,3,25,24,19 4,4,4
0011 00:00:08 Divide 2 SQS7C3HKHXH5DKDXD8 1,4,4
0011 00:00:08 RawDivide 2 49,44,14,37,34,29,11,8,6 1,4,4
0011 00:00:08 ScoreDiff 0 -28 1
0011 00:00:08 RawScoreDiff 0 -28 1
0011 00:00:08 DepositDiff 0 -1880 60
0011 00:00:08 RawDepositDiff 0 -1880 60
0011 00:00:08 ScoreDiff 1 -20 1
0011 00:00:08 RawScoreDiff 1 -20 1
0011 00:00:08 DepositDiff 1 -1400 60
0011 00:00:08 RawDepositDiff 1 -1400 60
0011 00:00:08 ScoreDiff 2 -24 1
0011 00:00:08 RawScoreDiff 2 -24 1
0011 00:00:08 DepositDiff 2 -1640 60
0011 00:00:08 RawDepositDiff 2 -1640 60
0011 00:00:08 ScoreDiff 3 34 1
0011 00:00:08 RawScoreDiff 3 34 1
0011 00:00:08 DepositDiff 3 1840 60
0011 00:00:08 RawDepositDiff 3 1840 60
0011 00:00:08 ScoreDiff 4 38 1
0011 00:00:08 RawScoreDiff 4 38 1
0011 00:00:08 DepositDiff 4 2080 60
0011 00:00:08 RawDepositDiff 4 2080 60
Version 1.1
Timestamp 1758012969
RoomID 7979
TableNO 1
ChairNO 0 1124027 2240 -1
ChairNO 1 1124410 1073741824 -1
ChairNO 2 1124393 1073741824 -1
ChairNO 3 1124082 1073741824 -1
ChairNO 4 1119374 1073741824 -1
Flags 15
Name 0 Íæ¼Ò1124027
Sex 0 0
Win_Loss_StandOff 0 43 66 4
Name 1 Íæ¼Ò1124410
Sex 1 0
Win_Loss_StandOff 1 37 36 1
Name 2 Íæ¼Ò1124393
Sex 2 0
Win_Loss_StandOff 2 19 29 1
Name 3 Íæ¼Ò1124082
Sex 3 0
Win_Loss_StandOff 3 20 21 2
Name 4 ½ôÕÅe°µÒ¹
Sex 4 1
Win_Loss_StandOff 4 34 17 0
0006 00:00:00 Deal 0 H4C7D6C9C5C8HACXH3
0006 00:00:00 RawDeal 0 28,18,4,20,16,19,38,21,27
0006 00:00:00 Deal 1 H9C3DXD9CASKHXH6D8
0006 00:00:00 RawDeal 1 33,14,8,7,25,50,34,30,6
0006 00:00:00 Deal 2 SJCKS9S6SQD7D4H2DQ
0006 00:00:00 RawDeal 2 48,24,46,43,49,5,2,26,10
0006 00:00:00 Deal 3 CJC6S4S2CQHKDADJSX
0006 00:00:00 RawDeal 3 22,17,41,39,23,37,12,9,47
0006 00:00:00 Deal 4 D5D3S7HJC4H7S5DKS3
0006 00:00:00 RawDeal 4 3,1,44,35,15,31,42,11,40
0007 00:00:04 Divide 1 CASKC3HXH9H6DXD9D8 1,4,5
0007 00:00:04 RawDivide 1 25,50,14,34,33,30,8,7,6 1,4,5
0008 00:00:05 Divide 3 DAHKDJSXS4S2CQCJC6 1,4,4
0008 00:00:05 RawDivide 3 12,37,9,47,41,39,23,22,17 1,4,4
0009 00:00:05 Divide 0 C7D6C5HAH4H3CXC9C8 3,4,5
0009 00:00:05 RawDivide 0 18,4,16,38,28,27,21,20,19 3,4,5
0010 00:00:07 Divide 4 HJH7C4S7S5S3DKD5D3 1,4,4
0010 00:00:07 RawDivide 4 35,31,15,44,42,40,11,3,1 1,4,4
0011 00:00:07 Divide 2 CKSJH2DQD7D4SQS9S6 1,4,4
0011 00:00:07 RawDivide 2 24,48,26,10,5,2,49,46,43 1,4,4
0011 00:00:07 ScoreDiff 0 96 1
0011 00:00:07 RawScoreDiff 0 96 1
0011 00:00:07 DepositDiff 0 5420 60
0011 00:00:07 RawDepositDiff 0 5420 60
0011 00:00:07 ScoreDiff 1 -19 1
0011 00:00:07 RawScoreDiff 1 -19 1
0011 00:00:07 DepositDiff 1 -1340 60
0011 00:00:07 RawDepositDiff 1 -1340 60
0011 00:00:07 ScoreDiff 2 -25 1
0011 00:00:07 RawScoreDiff 2 -25 1
0011 00:00:07 DepositDiff 2 -1700 60
0011 00:00:07 RawDepositDiff 2 -1700 60
0011 00:00:07 ScoreDiff 3 -23 1
0011 00:00:07 RawScoreDiff 3 -23 1
0011 00:00:07 DepositDiff 3 -1580 60
0011 00:00:07 RawDepositDiff 3 -1580 60
0011 00:00:07 ScoreDiff 4 -29 1
0011 00:00:07 RawScoreDiff 4 -29 1
0011 00:00:07 DepositDiff 4 -1800 60
0011 00:00:07 RawDepositDiff 4 -1800 60
Version 1.1
Timestamp 1758013001
RoomID 7979
TableNO 2
ChairNO 0 1124027 2240 -1
ChairNO 1 1119333 1073741824 -1
ChairNO 2 1120233 1073741824 -1
ChairNO 3 1123549 1073741824 -1
ChairNO 4 1119842 1073741824 -1
Flags 15
Name 0 Íæ¼Ò1124027
Sex 0 0
Win_Loss_StandOff 0 44 66 4
Name 1 »ÆÉ«°ÍÈûÂÞÄÇP
Sex 1 0
Win_Loss_StandOff 1 28 32 0
Name 2 ÆäÄ©ÊÀ´ó°ÍÔú
Sex 2 0
Win_Loss_StandOff 2 30 24 0
Name 3 Íæ¼Ò1123549
Sex 3 1
Win_Loss_StandOff 3 24 31 1
Name 4 Æä¶ÀÇã
Sex 4 1
Win_Loss_StandOff 4 13 27 0
0006 00:00:00 Deal 0 HQD7S9DJC9DXH9C2H3
0006 00:00:00 RawDeal 0 36,5,46,9,20,8,33,13,27
0006 00:00:00 Deal 1 H2H8D8CKD2S8S5S3CX
0006 00:00:00 RawDeal 1 26,32,6,24,0,45,42,40,21
0006 00:00:00 Deal 2 SQD9SAC7HKCJC5S2S4
0006 00:00:00 RawDeal 2 49,7,51,18,37,22,16,39,41
0006 00:00:00 Deal 3 DKSKH7H5SJC6CAD5H6
0006 00:00:00 RawDeal 3 11,50,31,29,48,17,25,3,30
0006 00:00:00 Deal 4 DAS6D3DQHJC3C4C8HA
0006 00:00:00 RawDeal 4 12,43,1,10,35,14,15,19,38
0007 00:00:04 Divide 3 CASJC6SKDKD5H7H6H5 1,2,5
0007 00:00:04 RawDivide 3 25,48,17,50,11,3,31,30,29 1,2,5
0008 00:00:05 Divide 1 CKCXS5H2D2S3S8H8D8 1,2,6
0008 00:00:05 RawDivide 1 24,21,42,26,0,40,45,32,6 1,2,6
0009 00:00:07 Divide 2 HKSQD9CJC7C5SAS4S2 1,4,4
0009 00:00:07 RawDivide 2 37,49,7,22,18,16,51,41,39 1,4,4
0010 00:00:07 Divide 4 HAHJS6C8C4C3DADQD3 1,4,4
0010 00:00:07 RawDivide 4 38,35,43,19,15,14,12,10,1 1,4,4
0011 00:00:10 Divide 0 HQH3C2DJDXD7S9H9C9 1,4,6
0011 00:00:10 RawDivide 0 36,27,13,9,8,5,46,33,20 1,4,6
0011 00:00:10 ScoreDiff 0 56 1
0011 00:00:10 RawScoreDiff 0 56 1
0011 00:00:10 DepositDiff 0 3160 60
0011 00:00:10 RawDepositDiff 0 3160 60
0011 00:00:10 ScoreDiff 1 -22 1
0011 00:00:10 RawScoreDiff 1 -22 1
0011 00:00:10 DepositDiff 1 -1520 60
0011 00:00:10 RawDepositDiff 1 -1520 60
0011 00:00:10 ScoreDiff 2 -20 1
0011 00:00:10 RawScoreDiff 2 -20 1
0011 00:00:10 DepositDiff 2 -1400 60
0011 00:00:10 RawDepositDiff 2 -1400 60
0011 00:00:10 ScoreDiff 3 -18 1
0011 00:00:10 RawScoreDiff 3 -18 1
0011 00:00:10 DepositDiff 3 -1280 60
0011 00:00:10 RawDepositDiff 3 -1280 60
0011 00:00:10 ScoreDiff 4 4 1
0011 00:00:10 RawScoreDiff 4 4 1
0011 00:00:10 DepositDiff 4 40 60
0011 00:00:10 RawDepositDiff 4 40 60
Version 1.1
Timestamp 1758013038
RoomID 7979
TableNO 1
ChairNO 0 1124027 2240 -1
ChairNO 1 1119842 1073741824 -1
ChairNO 2 1119374 1073741824 -1
ChairNO 3 1124393 1073741824 -1
ChairNO 4 1119699 1073741824 -1
Flags 15
Name 0 Íæ¼Ò1124027
Sex 0 0
Win_Loss_StandOff 0 45 66 4
Name 1 Æä¶ÀÇã
Sex 1 1
Win_Loss_StandOff 1 14 27 0
Name 2 ½ôÕÅe°µÒ¹
Sex 2 1
Win_Loss_StandOff 2 34 18 0
Name 3 Íæ¼Ò1124393
Sex 3 0
Win_Loss_StandOff 3 19 30 1
Name 4 ÓµÓÐ777Ï¡º±
Sex 4 0
Win_Loss_StandOff 4 31 27 2
0006 00:00:00 Deal 0 C6H7C3C5C9SXC4H3S8
0006 00:00:00 RawDeal 0 17,31,14,16,20,47,15,27,45
0006 00:00:00 Deal 1 DKD5D7S5DQCJHKH6DJ
0006 00:00:00 RawDeal 1 11,3,5,42,10,22,37,30,9
0006 00:00:00 Deal 2 S7HQH2SKD4DXSAS9D8
0006 00:00:00 RawDeal 2 44,36,26,50,2,8,51,46,6
0006 00:00:00 Deal 3 CACXS2S4C7SJD6D3H5
0006 00:00:00 RawDeal 3 25,21,39,41,18,48,4,1,29
0006 00:00:00 Deal 4 HAD9CKC8SQHJH8S6H9
0006 00:00:00 RawDeal 4 38,7,24,19,49,35,32,43,33
0007 00:00:03 Divide 4 SQHJD9CKC8S6HAH9H8 1,1,4
0007 00:00:03 RawDivide 4 49,35,7,24,19,43,38,33,32 1,1,4
0008 00:00:04 Divide 0 H7H3C3SXC9S8C6C5C4 2,3,5
0008 00:00:04 RawDivide 0 31,27,14,47,20,45,17,16,15 2,3,5
0009 00:00:05 Divide 3 D6H5D3SJS4S2CACXC7 1,4,4
0009 00:00:05 RawDivide 3 4,29,1,48,41,39,25,21,18 1,4,4
0010 00:00:07 Divide 2 SKHQH2DXD8D4SAS9S7 1,4,4
0010 00:00:07 RawDivide 2 50,36,26,8,6,2,51,46,44 1,4,4
0011 00:00:07 Divide 1 HKCJD7S5D5H6DKDQDJ 1,2,5
0011 00:00:07 RawDivide 1 37,22,5,42,3,30,11,10,9 1,2,5
0011 00:00:07 ScoreDiff 0 11 1
0011 00:00:07 RawScoreDiff 0 11 1
0011 00:00:07 DepositDiff 0 460 60
0011 00:00:07 RawDepositDiff 0 460 60
0011 00:00:07 ScoreDiff 1 22 1
0011 00:00:07 RawScoreDiff 1 22 1
0011 00:00:07 DepositDiff 1 1120 60
0011 00:00:07 RawDepositDiff 1 1120 60
0011 00:00:07 ScoreDiff 2 -15 1
0011 00:00:07 RawScoreDiff 2 -15 1
0011 00:00:07 DepositDiff 2 -1100 60
0011 00:00:07 RawDepositDiff 2 -1100 60
0011 00:00:07 ScoreDiff 3 5 1
0011 00:00:07 RawScoreDiff 3 5 1
0011 00:00:07 DepositDiff 3 100 60
0011 00:00:07 RawDepositDiff 3 100 60
0011 00:00:07 ScoreDiff 4 -23 1
0011 00:00:07 RawScoreDiff 4 -23 1
0011 00:00:07 DepositDiff 4 -1580 60
0011 00:00:07 RawDepositDiff 4 -1580 60
Version 1.1
Timestamp 1758013067
RoomID 7979
TableNO 2
ChairNO 0 1124027 2240 -1
ChairNO 1 1120233 1073741824 -1
ChairNO 2 1119374 1073741824 -1
ChairNO 3 1120188 1073741824 -1
ChairNO 4 1119333 1073741824 -1
Flags 15
Name 0 Íæ¼Ò1124027
Sex 0 0
Win_Loss_StandOff 0 46 66 4
Name 1 ÆäÄ©ÊÀ´ó°ÍÔú
Sex 1 0
Win_Loss_StandOff 1 30 25 0
Name 2 ½ôÕÅe°µÒ¹
Sex 2 1
Win_Loss_StandOff 2 34 19 0
Name 3 ÎÂºÍ°×¾ÆP
Sex 3 1
Win_Loss_StandOff 3 30 33 0
Name 4 »ÆÉ«°ÍÈûÂÞÄÇP
Sex 4 0
Win_Loss_StandOff 4 28 33 0
0006 00:00:00 Deal 0 H6HXSKCADKHQS3S5C2
0006 00:00:00 RawDeal 0 30,34,50,25,11,36,40,42,13
0006 00:00:00 Deal 1 SJCJS8S9C6S2DXDJSX
0006 00:00:00 RawDeal 1 48,22,45,46,17,39,8,9,47
0006 00:00:00 Deal 2 SAH3S6C7H7D9C4D6HK
0006 00:00:00 RawDeal 2 51,27,43,18,31,7,15,4,37
0006 00:00:00 Deal 3 DAS7CXC3C9DQD5HAH2
0006 00:00:00 RawDeal 3 12,44,21,14,20,10,3,38,26
0006 00:00:00 Deal 4 D2D7D3SQS4H4CKH9D8
0006 00:00:00 RawDeal 4 0,5,1,49,41,28,24,33,6
0007 00:00:04 Divide 2 SAD9C7S6D6C4HKH7H3 1,2,4
0007 00:00:04 RawDivide 2 51,7,18,43,4,15,37,31,27 1,2,4
0008 00:00:04 Divide 0 CADKC2HQHXH6SKS5S3 1,4,4
0008 00:00:04 RawDivide 0 25,11,13,36,34,30,50,42,40 1,4,4
0009 00:00:06 Divide 4 CKSQD3S4H4H9D8D7D2 1,2,4
0009 00:00:06 RawDivide 4 24,49,1,41,28,33,6,5,0 1,2,4
0010 00:00:07 Divide 1 DXC6S2SXS9S8SJCJDJ 1,5,6
0010 00:00:07 RawDivide 1 8,17,39,47,46,45,48,22,9 1,5,6
0011 00:00:08 Divide 3 HAS7H2CXC9C3DADQD5 1,4,4
0011 00:00:08 RawDivide 3 38,44,26,21,20,14,12,10,3 1,4,4
0011 00:00:08 ScoreDiff 0 3 1
0011 00:00:08 RawScoreDiff 0 3 1
0011 00:00:08 DepositDiff 0 -20 60
0011 00:00:08 RawDepositDiff 0 -20 60
0011 00:00:08 ScoreDiff 1 68 1
0011 00:00:08 RawScoreDiff 1 68 1
0011 00:00:08 DepositDiff 1 3880 60
0011 00:00:08 RawDepositDiff 1 3880 60
0011 00:00:08 ScoreDiff 2 -21 1
0011 00:00:08 RawScoreDiff 2 -21 1
0011 00:00:08 DepositDiff 2 -1460 60
0011 00:00:08 RawDepositDiff 2 -1460 60
0011 00:00:08 ScoreDiff 3 -19 1
0011 00:00:08 RawScoreDiff 3 -19 1
0011 00:00:08 DepositDiff 3 -1340 60
0011 00:00:08 RawDepositDiff 3 -1340 60
0011 00:00:08 ScoreDiff 4 -31 1
0011 00:00:08 RawScoreDiff 4 -31 1
0011 00:00:08 DepositDiff 4 -2060 60
0011 00:00:08 RawDepositDiff 4 -2060 60
Version 1.1
Timestamp 1758013100
RoomID 7979
TableNO 1
ChairNO 0 1124027 2240 -1
ChairNO 1 1119374 1073741824 -1
ChairNO 2 1119842 1073741824 -1
ChairNO 3 1119699 1073741824 -1
ChairNO 4 1124393 1073741824 -1
Flags 15
Name 0 Íæ¼Ò1124027
Sex 0 0
Win_Loss_StandOff 0 47 66 4
Name 1 ½ôÕÅe°µÒ¹
Sex 1 1
Win_Loss_StandOff 1 34 20 0
Name 2 Æä¶ÀÇã
Sex 2 1
Win_Loss_StandOff 2 15 27 0
Name 3 ÓµÓÐ777Ï¡º±
Sex 3 0
Win_Loss_StandOff 3 31 28 2
Name 4 Íæ¼Ò1124393
Sex 4 0
Win_Loss_StandOff 4 20 30 1
0006 00:00:00 Deal 0 H5HAS3H2SAD5S5CXS2
0006 00:00:00 RawDeal 0 29,38,40,26,51,3,42,21,39
0006 00:00:00 Deal 1 H8C5HXHJH3C3SQS7H7
0006 00:00:00 RawDeal 1 32,16,34,35,27,14,49,44,31
0006 00:00:00 Deal 2 HKC2CAD3HQS4C6SXCJ
0006 00:00:00 RawDeal 2 37,13,25,1,36,41,17,47,22
0006 00:00:00 Deal 3 D6H4H9D4CQC8S9H6D2
0006 00:00:00 RawDeal 3 4,28,33,2,23,19,46,30,0
0006 00:00:00 Deal 4 SKS8D8DXC9C4S6DKD7
0006 00:00:00 RawDeal 4 50,45,6,8,20,15,43,11,5
0007 00:00:04 Divide 0 HACXH2SAS3S2S5H5D5 1,5,6
0007 00:00:04 RawDivide 0 38,21,26,51,40,39,42,29,3 1,5,6
0008 00:00:05 Divide 1 S7C5C3SQHJHXH8H7H3 1,3,4
0008 00:00:05 RawDivide 1 44,16,14,49,35,34,32,31,27 1,3,4
0009 00:00:05 Divide 2 HKS4D3HQCJSXCAC6C2 1,3,4
0009 00:00:05 RawDivide 2 37,41,1,36,22,47,25,17,13 1,3,4
0010 00:00:06 Divide 4 DXC9C4SKS8S6DKD8D7 1,4,4
0010 00:00:06 RawDivide 4 8,20,15,50,45,43,11,6,5 1,4,4
0011 00:00:08 Divide 3 CQS9C8D6D4D2H9H6H4 1,4,4
0011 00:00:08 RawDivide 3 23,46,19,4,2,0,33,30,28 1,4,4
0011 00:00:08 ScoreDiff 0 120 1
0011 00:00:08 RawScoreDiff 0 120 1
0011 00:00:08 DepositDiff 0 6640 60
0011 00:00:08 RawDepositDiff 0 6640 60
0011 00:00:08 ScoreDiff 1 -37 1
0011 00:00:08 RawScoreDiff 1 -37 1
0011 00:00:08 DepositDiff 1 -2060 60
0011 00:00:08 RawDepositDiff 1 -2060 60
0011 00:00:08 ScoreDiff 2 -27 1
0011 00:00:08 RawScoreDiff 2 -27 1
0011 00:00:08 DepositDiff 2 -1820 60
0011 00:00:08 RawDepositDiff 2 -1820 60
0011 00:00:08 ScoreDiff 3 -29 1
0011 00:00:08 RawScoreDiff 3 -29 1
0011 00:00:08 DepositDiff 3 -1940 60
0011 00:00:08 RawDepositDiff 3 -1940 60
0011 00:00:08 ScoreDiff 4 -27 1
0011 00:00:08 RawScoreDiff 4 -27 1
0011 00:00:08 DepositDiff 4 -1820 60
0011 00:00:08 RawDepositDiff 4 -1820 60
Version 1.1
Timestamp 1758018038
RoomID 7979
TableNO 2
ChairNO 0 1124030 2240 -1
ChairNO 1 1124393 1073741824 -1
ChairNO 2 1123549 1073741824 -1
ChairNO 3 1120188 1073741824 -1
ChairNO 4 1119699 1073741824 -1
Flags 15
Name 0 Íæ¼Ò1124030
Sex 0 0
Win_Loss_StandOff 0 2 2 0
Name 1 Íæ¼Ò1124393
Sex 1 0
Win_Loss_StandOff 1 20 31 1
Name 2 Íæ¼Ò1123549
Sex 2 1
Win_Loss_StandOff 2 24 32 1
Name 3 ÎÂºÍ°×¾ÆP
Sex 3 1
Win_Loss_StandOff 3 30 34 0
Name 4 ÓµÓÐ777Ï¡º±
Sex 4 0
Win_Loss_StandOff 4 31 29 2
0006 00:00:00 Deal 0 S2DKC7DAS9S6C8SKDQ
0006 00:00:00 RawDeal 0 39,11,18,12,46,43,19,50,10
0006 00:00:00 Deal 1 D6D5H7SAHKSXD3HAHQ
0006 00:00:00 RawDeal 1 4,3,31,51,37,47,1,38,36
0006 00:00:00 Deal 2 CKC4H5S8CJS7HXD4C3
0006 00:00:00 RawDeal 2 24,15,29,45,22,44,34,2,14
0006 00:00:00 Deal 3 DXD7C2CASQH2H4D2C6
0006 00:00:00 RawDeal 3 8,5,13,25,49,26,28,0,17
0006 00:00:00 Deal 4 CQC5H9CXHJS5S3C9SJ
0006 00:00:00 RawDeal 4 23,16,33,21,35,42,40,20,48
0007 00:00:05 Divide 3 SQDXD7CAC6H4H2C2D2 1,1,6
0007 00:00:05 RawDivide 3 49,8,5,25,17,28,26,13,0 1,1,6
0008 00:00:05 Divide 4 HJCXH9SJS5S3CQC9C5 3,4,4
0008 00:00:05 RawDivide 4 35,21,33,48,42,40,23,20,16 3,4,4
0009 00:00:05 Divide 1 SASXH7D6D5D3HAHKHQ 1,4,5
0009 00:00:05 RawDivide 1 51,47,31,4,3,1,38,37,36 1,4,5
0010 00:00:07 Divide 2 HXS8S7H5D4C3CKCJC4 1,3,4
0010 00:00:07 RawDivide 2 34,45,44,29,2,14,24,22,15 1,3,4
0011 00:00:21 Divide 0 S9C8C7SKS6S2DADKDQ 3,4,5
0011 00:00:21 RawDivide 0 46,19,18,50,43,39,12,11,10 3,4,5
0011 00:00:21 ScoreDiff 0 8 1
0011 00:00:21 RawScoreDiff 0 8 1
0011 00:00:21 DepositDiff 0 280 60
0011 00:00:21 RawDepositDiff 0 280 60
0011 00:00:21 ScoreDiff 1 -16 1
0011 00:00:21 RawScoreDiff 1 -16 1
0011 00:00:21 DepositDiff 1 -1160 60
0011 00:00:21 RawDepositDiff 1 -1160 60
0011 00:00:21 ScoreDiff 2 -26 1
0011 00:00:21 RawScoreDiff 2 -26 1
0011 00:00:21 DepositDiff 2 -1760 60
0011 00:00:21 RawDepositDiff 2 -1760 60
0011 00:00:21 ScoreDiff 3 30 1
0011 00:00:21 RawScoreDiff 3 30 1
0011 00:00:21 DepositDiff 3 1600 60
0011 00:00:21 RawDepositDiff 3 1600 60
0011 00:00:21 ScoreDiff 4 4 1
0011 00:00:21 RawScoreDiff 4 4 1
0011 00:00:21 DepositDiff 4 40 60
0011 00:00:21 RawDepositDiff 4 40 60
Version 1.1
Timestamp 1758018858
RoomID 7979
TableNO 0
ChairNO 0 1124030 2240 -1
ChairNO 1 1119333 1073741824 -1
ChairNO 2 1120233 1073741824 -1
ChairNO 3 1120188 1073741824 -1
ChairNO 4 1119374 1073741824 -1
Flags 15
Name 0 Íæ¼Ò1124030
Sex 0 0
Win_Loss_StandOff 0 4 3 0
Name 1 »ÆÉ«°ÍÈûÂÞÄÇP
Sex 1 0
Win_Loss_StandOff 1 28 34 0
Name 2 ÆäÄ©ÊÀ´ó°ÍÔú
Sex 2 0
Win_Loss_StandOff 2 31 25 0
Name 3 ÎÂºÍ°×¾ÆP
Sex 3 1
Win_Loss_StandOff 3 31 34 0
Name 4 ½ôÕÅe°µÒ¹
Sex 4 1
Win_Loss_StandOff 4 34 21 0
0006 00:00:01 Deal 0 H8SXHJC3CJC2C6H9C4
0006 00:00:01 RawDeal 0 32,47,35,14,22,13,17,33,15
0006 00:00:01 Deal 1 HKS2DJC8S4S8H4D9CA
0006 00:00:01 RawDeal 1 37,39,9,19,41,45,28,7,25
0006 00:00:01 Deal 2 S5SAH6D5H7D8HXD7DK
0006 00:00:01 RawDeal 2 42,51,30,3,31,6,34,5,11
0006 00:00:01 Deal 3 SJH5S6CXH2C7C9D6D4
0006 00:00:01 RawDeal 3 48,29,43,21,26,18,20,4,2
0006 00:00:01 Deal 4 S3DXH3HQD3HACQCKDA
0006 00:00:01 RawDeal 4 40,8,27,36,1,38,23,24,12
0007 00:00:04 Divide 1 HKD9H4CADJC8S8S4S2 1,1,4
0007 00:00:04 RawDivide 1 37,7,28,25,9,19,45,41,39 1,1,4
0008 00:00:06 Divide 0 CJSXC6HJH9H8C4C3C2 1,4,5
0008 00:00:06 RawDivide 0 22,47,17,35,33,32,15,14,13 1,4,5
0009 00:00:06 Divide 2 S5D5SAHXH7H6DKD8D7 2,4,4
0009 00:00:06 RawDivide 2 42,3,51,34,31,30,11,6,5 2,4,4
0010 00:00:07 Divide 4 HAHQDXDACKCQS3H3D3 1,3,6
0010 00:00:07 RawDivide 4 38,36,8,12,24,23,40,27,1 1,3,6
0011 00:00:08 Divide 3 SJS6H2D6H5D4CXC9C7 1,3,4
0011 00:00:08 RawDivide 3 48,43,26,4,29,2,21,20,18 1,3,4
0011 00:00:08 ScoreDiff 0 6 1
0011 00:00:08 RawScoreDiff 0 6 1
0011 00:00:08 DepositDiff 0 160 60
0011 00:00:08 RawDepositDiff 0 160 60
0011 00:00:08 ScoreDiff 1 -26 1
0011 00:00:08 RawScoreDiff 1 -26 1
0011 00:00:08 DepositDiff 1 -1760 60
0011 00:00:08 RawDepositDiff 1 -1760 60
0011 00:00:08 ScoreDiff 2 8 1
0011 00:00:08 RawScoreDiff 2 8 1
0011 00:00:08 DepositDiff 2 280 60
0011 00:00:08 RawDepositDiff 2 280 60
0011 00:00:08 ScoreDiff 3 -26 1
0011 00:00:08 RawScoreDiff 3 -26 1
0011 00:00:08 DepositDiff 3 -1760 60
0011 00:00:08 RawDepositDiff 3 -1760 60
0011 00:00:08 ScoreDiff 4 38 1
0011 00:00:08 RawScoreDiff 4 38 1
0011 00:00:08 DepositDiff 4 2080 60
0011 00:00:08 RawDepositDiff 4 2080 60
Version 1.1
Timestamp 1758020720
RoomID 7979
TableNO 1
ChairNO 0 1124030 2240 -1
ChairNO 1 1123549 1073741824 -1
ChairNO 2 1124393 1073741824 -1
ChairNO 3 1119374 1073741824 -1
ChairNO 4 1124082 1073741824 -1
Flags 15
Name 0 Íæ¼Ò1124030
Sex 0 0
Win_Loss_StandOff 0 5 3 0
Name 1 Íæ¼Ò1123549
Sex 1 1
Win_Loss_StandOff 1 24 33 1
Name 2 Íæ¼Ò1124393
Sex 2 0
Win_Loss_StandOff 2 20 32 1
Name 3 ½ôÕÅe°µÒ¹
Sex 3 1
Win_Loss_StandOff 3 35 21 0
Name 4 Íæ¼Ò1124082
Sex 4 0
Win_Loss_StandOff 4 20 22 2
0006 00:00:00 Deal 0 SADAH9D4H4DXCACQS7
0006 00:00:00 RawDeal 0 51,12,33,2,28,8,25,23,44
0006 00:00:00 Deal 1 D7S6D5D2C2H3H2S4SJ
0006 00:00:00 RawDeal 1 5,43,3,0,13,27,26,41,48
0006 00:00:00 Deal 2 CKH8HJHKSXHXC4D9D3
0006 00:00:00 RawDeal 2 24,32,35,37,47,34,15,7,1
0006 00:00:00 Deal 3 C6S3D8SQC5S8DKDQCJ
0006 00:00:00 RawDeal 3 17,40,6,49,16,45,11,10,22
0006 00:00:00 Deal 4 HAS9S5H7SKHQDJC3H5
0006 00:00:00 RawDeal 4 38,46,42,31,50,36,9,14,29
0007 00:00:03 Divide 1 D7D5H3SJS6S4H2C2D2 1,4,6
0007 00:00:03 RawDivide 1 5,3,27,48,43,41,26,13,0 1,4,6
0008 00:00:03 Divide 3 CJC6C5SQS8S3DKDQD8 4,4,4
0008 00:00:03 RawDivide 3 22,17,16,49,45,40,11,10,6 4,4,4
0009 00:00:07 Divide 2 CKC4D3HJSXD9HKHXH8 1,3,4
0009 00:00:07 RawDivide 2 24,15,1,35,47,7,37,34,32 1,3,4
0010 00:00:08 Divide 4 HQDJC3SKS9S5HAH7H5 1,4,4
0010 00:00:08 RawDivide 4 36,9,14,50,46,42,38,31,29 1,4,4
0011 00:00:21 Divide 0 CQDXS7H9H4D4SACADA 1,2,6
0011 00:00:21 RawDivide 0 23,8,44,33,28,2,51,25,12 1,2,6
0011 00:00:21 ScoreDiff 0 36 1
0011 00:00:21 RawScoreDiff 0 36 1
0011 00:00:21 DepositDiff 0 1960 60
0011 00:00:21 RawDepositDiff 0 1960 60
0011 00:00:21 ScoreDiff 1 -24 1
0011 00:00:21 RawScoreDiff 1 -24 1
0011 00:00:21 DepositDiff 1 -1640 60
0011 00:00:21 RawDepositDiff 1 -1640 60
0011 00:00:21 ScoreDiff 2 -26 1
0011 00:00:21 RawScoreDiff 2 -26 1
0011 00:00:21 DepositDiff 2 -1760 60
0011 00:00:21 RawDepositDiff 2 -1760 60
0011 00:00:21 ScoreDiff 3 12 1
0011 00:00:21 RawScoreDiff 3 12 1
0011 00:00:21 DepositDiff 3 520 60
0011 00:00:21 RawDepositDiff 3 520 60
0011 00:00:21 ScoreDiff 4 2 1
0011 00:00:21 RawScoreDiff 4 2 1
0011 00:00:21 DepositDiff 4 -80 60
0011 00:00:21 RawDepositDiff 4 -80 60
Version 1.1
Timestamp 1758020792
RoomID 7979
TableNO 2
ChairNO 0 1023160 2048 -1
ChairNO 1 1120233 1073741824 -1
ChairNO 2 1119842 1073741824 -1
ChairNO 3 1119699 1073741824 -1
ChairNO 4 1119333 1073741824 -1
Flags 15
Name 0 zsc1
Sex 0 1
Win_Loss_StandOff 0 181 255 2
Name 1 ÆäÄ©ÊÀ´ó°ÍÔú
Sex 1 0
Win_Loss_StandOff 1 32 25 0
Name 2 Æä¶ÀÇã
Sex 2 1
Win_Loss_StandOff 2 15 28 0
Name 3 ÓµÓÐ777Ï¡º±
Sex 3 0
Win_Loss_StandOff 3 32 29 2
Name 4 »ÆÉ«°ÍÈûÂÞÄÇP
Sex 4 0
Win_Loss_StandOff 4 28 35 0
0006 00:00:00 Deal 0 DAH5S9H3H9H6C2DQD8
0006 00:00:00 RawDeal 0 12,29,46,27,33,30,13,10,6
0006 00:00:00 Deal 1 H4H7CAC5H2C3SJH8CK
0006 00:00:00 RawDeal 1 28,31,25,16,26,14,48,32,24
0006 00:00:00 Deal 2 CXS2D2C8CJD3CQHJS5
0006 00:00:00 RawDeal 2 21,39,0,19,22,1,23,35,42
0006 00:00:00 Deal 3 D7S8S6C4C6D6C9D4HQ
0006 00:00:00 RawDeal 3 5,45,43,15,17,4,20,2,36
0006 00:00:00 Deal 4 C7HXS4SQD5DJDXSXHK
0006 00:00:00 RawDeal 4 18,34,41,49,3,9,8,47,37
0007 00:00:03 Divide 0 S9H9C2H6H5H3DADQD8 2,4,4
0007 00:00:03 RawDivide 0 46,33,13,30,29,27,12,10,6 2,4,4
0008 00:00:03 Divide 1 CKSJH4H8H7H2CAC5C3 1,4,4
0008 00:00:03 RawDivide 1 24,48,28,32,31,26,25,16,14 1,4,4
0009 00:00:03 Divide 4 SQDJC7HKD5S4SXHXDX 1,1,6
0009 00:00:03 RawDivide 4 49,9,18,37,3,41,47,34,8 1,1,6
0010 00:00:03 Divide 2 HJC8S5S2D2D3CQCJCX 1,2,5
0010 00:00:03 RawDivide 2 35,19,42,39,0,1,23,22,21 1,2,5
0011 00:00:07 Divide 3 C4D4HQC9S8D7S6C6D6 2,3,6
0011 00:00:07 RawDivide 3 15,2,36,20,45,5,43,17,4 2,3,6
0011 00:00:07 ScoreDiff 0 6 1
0011 00:00:07 RawScoreDiff 0 6 1
0011 00:00:07 DepositDiff 0 160 60
0011 00:00:07 RawDepositDiff 0 160 60
0011 00:00:07 ScoreDiff 1 2 1
0011 00:00:07 RawScoreDiff 1 2 1
0011 00:00:07 DepositDiff 1 -80 60
0011 00:00:07 RawDepositDiff 1 -80 60
0011 00:00:07 ScoreDiff 2 -24 1
0011 00:00:07 RawScoreDiff 2 -24 1
0011 00:00:07 DepositDiff 2 -1640 60
0011 00:00:07 RawDepositDiff 2 -1640 60
0011 00:00:07 ScoreDiff 3 -14 1
0011 00:00:07 RawScoreDiff 3 -14 1
0011 00:00:07 DepositDiff 3 -1040 60
0011 00:00:07 RawDepositDiff 3 -1040 60
0011 00:00:07 ScoreDiff 4 30 1
0011 00:00:07 RawScoreDiff 4 30 1
0011 00:00:07 DepositDiff 4 1600 60
0011 00:00:07 RawDepositDiff 4 1600 60
